calrebound 0
Tuning rebound for mallet #0
  pass 1: sweep strike duration
R,90,250,S,4,1197,1089
R,90,250,S,8,1197,1089
R,90,250,S,12,4032,1089
R,90,250,S,16,4032,1089
R,90,250,S,20,6450,1089
R,90,250,S,24,6450,1089
R,90,250,S,29,5924,1089
R,90,250,S,33,5924,1089
R,90,250,S,37,5432,1089
R,90,250,S,41,5432,1089
R,90,250,S,45,3988,1089
R,90,250,S,49,3988,1089
R,90,250,S,53,3553,1089
R,90,250,S,57,3553,1089
R,90,250,S,61,3522,1089
R,90,250,S,65,3522,1089
R,90,250,S,69,2550,1089
R,90,250,S,73,2550,1089
R,90,250,S,77,2263,1089
R,90,250,S,81,2263,1089
R,90,250,S,85,2226,1089
R,90,250,S,89,2226,1089
R,90,250,S,93,2834,1089
R,90,250,S,97,2834,1089
R,90,250,S,101,3051,1089
R,90,250,S,105,3051,1089
R,90,250,S,109,3343,1089
R,90,250,S,113,3343,1089
R,90,250,S,117,3680,1089
R,90,250,S,121,3625,1089
R,90,250,S,125,3625,1089
R,90,250,S,129,3216,1089
R,90,250,S,133,3216,1089
R,90,250,S,137,2350,1089
R,90,250,S,141,2350,1089
R,90,250,S,145,2346,1089
R,90,250,S,149,2346,1089
R,90,250,S,154,3484,1089
R,90,250,S,158,3484,1089
R,90,250,S,162,333089,1089
R,90,250,S,166,333089,1089
R,90,250,S,170,366029,1089
R,90,250,S,174,366029,1089
R,90,250,S,178,307417,1089
R,90,250,S,182,307417,1089
R,90,250,S,186,226331,1089
R,90,250,S,190,226331,1089
R,90,250,S,194,153979,1089
R,90,250,S,198,153979,1089
R,90,250,S,202,161607,1089
R,90,250,S,206,161607,1089
R,90,250,S,210,167567,1089
R,90,250,S,214,167567,1089
R,90,250,S,218,149781,1089
R,90,250,S,222,149781,1089
R,90,250,S,226,124795,1089
R,90,250,S,230,124795,1089
R,90,250,S,234,80319,1089
R,90,250,S,238,80319,1089
R,90,250,S,242,153378,1089
R,90,250,S,246,106025,1089
R,90,250,S,250,106025,1089
R,90,250,S,254,80756,1089
R,90,250,S,258,80756,1089
R,90,250,S,262,74999,1089
R,90,250,S,266,74999,1089
R,90,250,S,270,100872,1089
R,90,250,S,274,100872,1089
R,90,250,S,279,119763,1089
R,90,250,S,283,119763,1089
R,90,250,S,287,105594,1089
R,90,250,S,291,105594,1089
R,90,250,S,295,98350,1089
R,90,250,S,299,98350,1089
R,90,250,S,303,92668,1089
R,90,250,S,307,92668,1089
R,90,250,S,311,60705,1089
R,90,250,S,315,60705,1089
R,90,250,S,319,48104,1089
R,90,250,S,323,48104,1089
R,90,250,S,327,43828,1089
R,90,250,S,331,43828,1089
R,90,250,S,335,30382,1089
R,90,250,S,339,30382,1089
R,90,250,S,343,29168,1089
R,90,250,S,347,29168,1089
R,90,250,S,351,20858,1089
R,90,250,S,355,20858,1089
R,90,250,S,359,21490,1089
R,90,250,S,363,21490,1089
R,90,250,S,367,19758,1089
R,90,250,S,371,14235,1089
R,90,250,T,4,14993,1089
R,90,250,T,8,14993,1089
R,90,250,T,12,12699,1089
R,90,250,T,16,12699,1089
R,90,250,T,20,11363,1089
R,90,250,T,24,11363,1089
R,90,250,T,29,8446,1089
R,90,250,T,33,8446,1089
R,90,250,T,37,7061,1089
R,90,250,T,41,7061,1089
R,90,250,T,45,6321,1089
R,90,250,T,49,6321,1089
R,90,250,T,53,6199,1089
R,90,250,T,57,6199,1089
R,90,250,T,61,6165,1089
R,90,250,T,65,6165,1089
R,90,250,T,69,4809,1089
R,90,250,T,73,4809,1089
R,90,250,T,77,3795,1089
R,90,250,T,81,3795,1089
R,90,250,T,85,4904,1089
R,90,250,T,89,4904,1089
R,90,250,T,93,5496,1089
R,90,250,T,97,5496,1089
R,90,250,T,101,5309,1089
R,90,250,T,105,5309,1089
R,90,250,T,109,3979,1089
R,90,250,T,113,3979,1089
R,90,250,T,117,3822,1089
R,90,250,T,121,3822,1089
R,90,250,T,125,4452,1089
R,90,250,T,129,4392,1089
R,90,250,T,133,4392,1089
R,90,250,T,137,4529,1089
R,90,250,T,141,4529,1089
R,90,250,T,145,4000,1089
R,90,250,T,149,4000,1089
R,90,250,T,154,13937,1089
R,90,250,T,158,13937,1089
R,90,250,T,162,63276,1089
R,90,250,T,166,63276,1089
R,90,250,T,170,94922,1089
R,90,250,T,174,94922,1089
R,90,250,T,178,90511,1089
R,90,250,T,182,90511,1089
R,90,250,T,186,74854,1089
R,90,250,T,190,74854,1089
R,90,250,T,194,47256,1089
R,90,250,T,198,47256,1089
R,90,250,T,202,39628,1089
R,90,250,T,206,39628,1089
R,90,250,T,210,30429,1089
R,90,250,T,214,30429,1089
R,90,250,T,218,23161,1089
R,90,250,T,222,23161,1089
R,90,250,T,226,25995,1089
R,90,250,T,230,25995,1089
R,90,250,T,234,18357,1089
R,90,250,T,238,18357,1089
R,90,250,T,242,15708,1089
R,90,250,T,246,15708,1089
R,90,250,T,250,12473,1089
R,90,250,T,254,11618,1089
R,90,250,T,258,11618,1089
R,90,250,T,262,14968,1089
R,90,250,T,266,14968,1089
R,90,250,T,270,10538,1089
R,90,250,T,274,10538,1089
R,90,250,T,279,7799,1089
R,90,250,T,283,7799,1089
R,90,250,T,287,8287,1089
R,90,250,T,291,8287,1089
R,90,250,T,295,6587,1089
R,90,250,T,299,6587,1089
R,90,250,T,303,4978,1089
R,90,250,T,307,4978,1089
R,90,250,T,311,4344,1089
R,90,250,T,315,4344,1089
R,90,250,T,319,3415,1089
R,90,250,T,323,3415,1089
R,90,250,T,327,3598,1089
R,90,250,T,331,3598,1089
R,90,250,T,335,3135,1089
R,90,250,T,339,3135,1089
R,90,250,T,343,2601,1089
R,90,250,T,347,2601,1089
R,90,250,T,351,2342,1089
R,90,250,T,355,2342,1089
R,90,250,T,359,2525,1089
R,90,250,T,363,2525,1089
R,90,250,T,367,3979,1089
R,90,250,T,371,3979,1089
R,90,250,T,375,3793,1089
R,90,250,T,379,3360,1089
R,90,250,T,383,3360,1089
R,90,250,T,387,4863,1089
R,90,250,T,391,4863,1089
R,90,250,T,395,4008,1089
R,90,250,T,399,4008,1089
R,90,250,T,404,2799,1089
R,90,250,T,408,2799,1089
R,90,250,T,412,2499,1089
R,90,250,T,416,2499,1089
R,90,250,T,420,9103,1089
R,90,250,T,424,9103,1089
R,90,250,T,428,35711,1089
R,90,250,T,432,35711,1089
R,90,250,T,436,59070,1089
R,90,250,T,440,59070,1089
R,90,250,T,444,50695,1089
R,90,250,T,448,50695,1089
R,90,250,T,452,45517,1089
R,90,250,T,456,45517,1089
R,90,250,T,460,29385,1089
R,90,250,T,464,29385,1089
R,90,250,T,468,23356,1089
R,90,250,T,472,23356,1089
R,90,250,T,476,16530,1089
R,90,250,T,480,16530,1089
R,90,250,T,484,15901,1089
R,90,250,T,488,15901,1089
R,90,250,T,492,15112,1089
R,90,250,T,496,15112,1089
R,90,250,T,500,10542,1089
R,90,250,T,504,8661,1089
R,90,250,T,508,8661,1089
R,90,250,T,512,6739,1089
R,90,250,T,516,6739,1089
R,90,250,T,520,6830,1089
R,90,250,T,524,6830,1089
R,90,250,T,529,6120,1089
R,90,250,T,533,6120,1089
R,90,250,T,537,5277,1089
R,90,250,T,541,5277,1089
R,90,250,T,545,4170,1089
R,90,250,T,549,4170,1089
R,90,250,T,553,3456,1089
R,90,250,T,557,3456,1089
R,90,250,T,561,2893,1089
R,90,250,T,565,2893,1089
R,90,250,T,569,2916,1089
R,90,250,T,573,2916,1089
R,90,250,T,577,2251,1089
R,90,250,T,581,2251,1089
R,90,250,T,585,2304,1089
R,90,250,T,589,2304,1089
R,90,250,T,593,2539,1089
R,90,250,T,597,2539,1089
    strike=90% energy=8398484
R,100,250,S,4,936,1083
R,100,250,S,8,936,1083
R,100,250,S,12,3957,1083
R,100,250,S,16,3957,1083
R,100,250,S,20,7971,1083
R,100,250,S,24,7971,1083
R,100,250,S,28,8202,1083
R,100,250,S,32,8202,1083
R,100,250,S,37,6699,1083
R,100,250,S,41,6699,1083
R,100,250,S,45,5526,1083
R,100,250,S,49,5526,1083
R,100,250,S,53,3977,1083
R,100,250,S,57,3977,1083
R,100,250,S,61,3526,1083
R,100,250,S,65,3526,1083
R,100,250,S,69,2765,1083
R,100,250,S,73,2765,1083
R,100,250,S,77,2481,1083
R,100,250,S,81,2481,1083
R,100,250,S,85,2342,1083
R,100,250,S,89,2342,1083
R,100,250,S,93,2238,1083
R,100,250,S,97,2238,1083
R,100,250,S,101,3088,1083
R,100,250,S,105,3088,1083
R,100,250,S,109,3196,1083
R,100,250,S,113,3196,1083
R,100,250,S,117,2813,1083
R,100,250,S,121,2813,1083
R,100,250,S,125,2867,1083
R,100,250,S,129,2309,1083
R,100,250,S,133,2309,1083
R,100,250,S,137,1921,1083
R,100,250,S,141,1921,1083
R,100,250,S,145,2122,1083
R,100,250,S,149,2122,1083
R,100,250,S,153,2339,1083
R,100,250,S,157,2339,1083
R,100,250,S,162,908752,1083
R,100,250,S,166,908752,1083
R,100,250,S,170,662775,1083
R,100,250,S,174,662775,1083
R,100,250,S,178,413877,1083
R,100,250,S,182,413877,1083
R,100,250,S,186,288407,1083
R,100,250,S,190,288407,1083
R,100,250,S,194,208747,1083
R,100,250,S,198,208747,1083
R,100,250,S,202,144619,1083
R,100,250,S,206,144619,1083
R,100,250,S,210,237553,1083
R,100,250,S,214,237553,1083
R,100,250,S,218,183163,1083
R,100,250,S,222,183163,1083
R,100,250,S,226,190731,1083
R,100,250,S,230,190731,1083
R,100,250,S,234,107880,1083
R,100,250,S,238,107880,1083
R,100,250,S,242,76069,1083
R,100,250,S,246,76069,1083
R,100,250,S,250,73245,1083
R,100,250,S,254,65916,1083
R,100,250,S,258,65916,1083
R,100,250,S,262,50536,1083
R,100,250,S,266,50536,1083
R,100,250,S,270,123057,1083
R,100,250,S,274,123057,1083
R,100,250,S,278,196447,1083
R,100,250,S,282,196447,1083
R,100,250,S,287,145489,1083
R,100,250,S,291,145489,1083
R,100,250,S,295,106754,1083
R,100,250,S,299,106754,1083
R,100,250,S,303,82852,1083
R,100,250,S,307,82852,1083
R,100,250,S,311,63934,1083
R,100,250,S,315,63934,1083
R,100,250,S,319,47064,1083
R,100,250,S,323,47064,1083
R,100,250,S,327,36611,1083
R,100,250,S,331,36611,1083
R,100,250,S,335,34636,1083
R,100,250,S,339,34636,1083
R,100,250,S,343,30191,1083
R,100,250,S,347,30191,1083
R,100,250,S,351,21378,1083
R,100,250,S,355,21378,1083
R,100,250,S,359,17927,1083
R,100,250,S,363,17927,1083
R,100,250,S,367,15019,1083
R,100,250,S,371,15019,1083
R,100,250,S,375,15037,1083
R,100,250,S,379,10494,1083
R,100,250,S,383,10494,1083
R,100,250,S,387,11332,1083
R,100,250,T,4,8866,1083
R,100,250,T,8,8866,1083
R,100,250,T,12,7194,1083
R,100,250,T,16,7194,1083
R,100,250,T,21,5617,1083
R,100,250,T,25,5617,1083
R,100,250,T,29,6502,1083
R,100,250,T,33,6502,1083
R,100,250,T,37,7146,1083
R,100,250,T,41,7146,1083
R,100,250,T,45,5393,1083
R,100,250,T,49,5393,1083
R,100,250,T,53,4092,1083
R,100,250,T,57,4092,1083
R,100,250,T,61,4021,1083
R,100,250,T,65,4021,1083
R,100,250,T,69,6535,1083
R,100,250,T,73,6535,1083
R,100,250,T,77,6360,1083
R,100,250,T,81,6360,1083
R,100,250,T,85,5319,1083
R,100,250,T,89,5319,1083
R,100,250,T,93,5310,1083
R,100,250,T,97,5310,1083
R,100,250,T,101,6291,1083
R,100,250,T,105,6291,1083
R,100,250,T,109,5422,1083
R,100,250,T,113,5422,1083
R,100,250,T,117,4059,1083
R,100,250,T,121,2977,1083
R,100,250,T,125,2977,1083
R,100,250,T,129,3323,1083
R,100,250,T,133,3323,1083
R,100,250,T,137,87517,1083
R,100,250,T,141,87517,1083
R,100,250,T,146,114635,1083
R,100,250,T,150,114635,1083
R,100,250,T,154,89132,1083
R,100,250,T,158,89132,1083
R,100,250,T,162,73683,1083
R,100,250,T,166,73683,1083
R,100,250,T,170,56811,1083
R,100,250,T,174,56811,1083
R,100,250,T,178,44255,1083
R,100,250,T,182,44255,1083
R,100,250,T,186,38248,1083
R,100,250,T,190,38248,1083
R,100,250,T,194,28027,1083
R,100,250,T,198,28027,1083
R,100,250,T,202,25340,1083
R,100,250,T,206,25340,1083
R,100,250,T,210,20144,1083
R,100,250,T,214,20144,1083
R,100,250,T,218,14605,1083
R,100,250,T,222,14605,1083
R,100,250,T,226,13463,1083
R,100,250,T,230,13463,1083
R,100,250,T,234,11074,1083
R,100,250,T,238,11074,1083
R,100,250,T,242,9071,1083
R,100,250,T,246,8225,1083
R,100,250,T,250,8225,1083
R,100,250,T,254,8080,1083
R,100,250,T,258,8080,1083
R,100,250,T,262,7653,1083
R,100,250,T,266,7653,1083
R,100,250,T,271,6577,1083
R,100,250,T,275,6577,1083
R,100,250,T,279,4217,1083
R,100,250,T,283,4217,1083
R,100,250,T,287,2899,1083
R,100,250,T,291,2899,1083
R,100,250,T,295,3637,1083
R,100,250,T,299,3637,1083
R,100,250,T,303,4267,1083
R,100,250,T,307,4267,1083
R,100,250,T,311,3959,1083
R,100,250,T,315,3959,1083
R,100,250,T,319,2920,1083
R,100,250,T,323,2920,1083
R,100,250,T,327,3081,1083
R,100,250,T,331,3081,1083
R,100,250,T,335,2840,1083
R,100,250,T,339,2840,1083
R,100,250,T,343,3786,1083
R,100,250,T,347,3786,1083
R,100,250,T,351,3881,1083
R,100,250,T,355,3881,1083
R,100,250,T,359,2827,1083
R,100,250,T,363,2827,1083
R,100,250,T,367,2678,1083
R,100,250,T,371,2846,1083
R,100,250,T,375,2846,1083
R,100,250,T,379,2481,1083
R,100,250,T,383,2481,1083
R,100,250,T,387,2014,1083
R,100,250,T,391,2014,1083
R,100,250,T,396,2454,1083
R,100,250,T,400,2454,1083
R,100,250,T,404,40060,1083
R,100,250,T,408,40060,1083
R,100,250,T,412,59583,1083
R,100,250,T,416,59583,1083
R,100,250,T,420,51113,1083
R,100,250,T,424,51113,1083
R,100,250,T,428,42353,1083
R,100,250,T,432,42353,1083
R,100,250,T,436,33316,1083
R,100,250,T,440,33316,1083
R,100,250,T,444,26525,1083
R,100,250,T,448,26525,1083
R,100,250,T,452,23965,1083
R,100,250,T,456,23965,1083
R,100,250,T,460,16322,1083
R,100,250,T,464,16322,1083
R,100,250,T,468,17465,1083
R,100,250,T,472,17465,1083
R,100,250,T,476,15416,1083
R,100,250,T,480,15416,1083
R,100,250,T,484,10273,1083
R,100,250,T,488,10273,1083
R,100,250,T,492,8001,1083
R,100,250,T,496,6368,1083
R,100,250,T,500,6368,1083
R,100,250,T,504,6421,1083
R,100,250,T,508,6421,1083
R,100,250,T,512,7029,1083
R,100,250,T,516,7029,1083
R,100,250,T,521,4899,1083
R,100,250,T,525,4899,1083
R,100,250,T,529,5103,1083
R,100,250,T,533,5103,1083
R,100,250,T,537,3905,1083
R,100,250,T,541,3905,1083
R,100,250,T,545,3029,1083
R,100,250,T,549,3029,1083
R,100,250,T,553,3136,1083
R,100,250,T,557,3136,1083
R,100,250,T,561,2677,1083
R,100,250,T,565,2677,1083
R,100,250,T,569,2427,1083
R,100,250,T,573,2427,1083
R,100,250,T,577,3097,1083
R,100,250,T,581,3097,1083
R,100,250,T,585,2829,1083
R,100,250,T,589,2829,1083
R,100,250,T,593,2491,1083
R,100,250,T,597,2491,1083
    strike=100% energy=8762216
R,110,250,S,4,1024,1060
R,110,250,S,8,948,1060
R,110,250,S,12,948,1060
R,110,250,S,16,5158,1060
R,110,250,S,20,5158,1060
R,110,250,S,24,7833,1060
R,110,250,S,28,7833,1060
R,110,250,S,32,6235,1060
R,110,250,S,36,6235,1060
R,110,250,S,40,5343,1060
R,110,250,S,44,5343,1060
R,110,250,S,48,4862,1060
R,110,250,S,52,4862,1060
R,110,250,S,56,3714,1060
R,110,250,S,60,3714,1060
R,110,250,S,64,2701,1060
R,110,250,S,68,2701,1060
R,110,250,S,72,3078,1060
R,110,250,S,76,3078,1060
R,110,250,S,80,2497,1060
R,110,250,S,84,2497,1060
R,110,250,S,88,2068,1060
R,110,250,S,92,2068,1060
R,110,250,S,96,2301,1060
R,110,250,S,100,2301,1060
R,110,250,S,104,2867,1060
R,110,250,S,108,3302,1060
R,110,250,S,112,3302,1060
R,110,250,S,116,2653,1060
R,110,250,S,120,2653,1060
R,110,250,S,124,3181,1060
R,110,250,S,128,3181,1060
R,110,250,S,132,2761,1060
R,110,250,S,136,2761,1060
R,110,250,S,141,2088,1060
R,110,250,S,145,2088,1060
R,110,250,S,149,2413,1060
R,110,250,S,153,2413,1060
R,110,250,S,157,2604,1060
R,110,250,S,161,2604,1060
R,110,250,S,165,647225,1060
R,110,250,S,169,647225,1060
R,110,250,S,173,539514,1060
R,110,250,S,177,539514,1060
R,110,250,S,181,329776,1060
R,110,250,S,185,329776,1060
R,110,250,S,189,234410,1060
R,110,250,S,193,234410,1060
R,110,250,S,197,162478,1060
R,110,250,S,201,162478,1060
R,110,250,S,205,195578,1060
R,110,250,S,209,195578,1060
R,110,250,S,213,211641,1060
R,110,250,S,217,211641,1060
R,110,250,S,221,350831,1060
R,110,250,S,225,350831,1060
R,110,250,S,229,216096,1060
R,110,250,S,233,157254,1060
R,110,250,S,237,157254,1060
R,110,250,S,241,94212,1060
R,110,250,S,245,94212,1060
R,110,250,S,249,133244,1060
R,110,250,S,253,133244,1060
R,110,250,S,257,82362,1060
R,110,250,S,261,82362,1060
R,110,250,S,266,58440,1060
R,110,250,S,270,58440,1060
R,110,250,S,274,41316,1060
R,110,250,S,278,41316,1060
R,110,250,S,282,99089,1060
R,110,250,S,286,99089,1060
R,110,250,S,290,136180,1060
R,110,250,S,294,136180,1060
R,110,250,S,298,99779,1060
R,110,250,S,302,99779,1060
R,110,250,S,306,93287,1060
R,110,250,S,310,93287,1060
R,110,250,S,314,85486,1060
R,110,250,S,318,85486,1060
R,110,250,S,322,52064,1060
R,110,250,S,326,52064,1060
R,110,250,S,330,41707,1060
R,110,250,S,334,41707,1060
R,110,250,S,338,35304,1060
R,110,250,S,342,35304,1060
R,110,250,S,346,28350,1060
R,110,250,S,350,28350,1060
R,110,250,S,354,32178,1060
R,110,250,S,358,27166,1060
R,110,250,S,362,27166,1060
R,110,250,S,366,20254,1060
R,110,250,S,370,20254,1060
R,110,250,S,374,15141,1060
R,110,250,S,378,15141,1060
R,110,250,S,382,13345,1060
R,110,250,S,386,13345,1060
R,110,250,S,391,11250,1060
R,110,250,S,395,11250,1060
R,110,250,S,399,12262,1060
R,110,250,S,403,12262,1060
R,110,250,T,4,10252,1060
R,110,250,T,8,10640,1060
R,110,250,T,12,10640,1060
R,110,250,T,16,7267,1060
R,110,250,T,20,7267,1060
R,110,250,T,24,6402,1060
R,110,250,T,28,6402,1060
R,110,250,T,32,5034,1060
R,110,250,T,36,5034,1060
R,110,250,T,40,4732,1060
R,110,250,T,44,4732,1060
R,110,250,T,48,6126,1060
R,110,250,T,52,6126,1060
R,110,250,T,56,4943,1060
R,110,250,T,60,4943,1060
R,110,250,T,64,4484,1060
R,110,250,T,68,4484,1060
R,110,250,T,72,3549,1060
R,110,250,T,76,3549,1060
R,110,250,T,80,2820,1060
R,110,250,T,84,2820,1060
R,110,250,T,88,4975,1060
R,110,250,T,92,4975,1060
R,110,250,T,96,4084,1060
R,110,250,T,100,4084,1060
R,110,250,T,104,3683,1060
R,110,250,T,108,3683,1060
R,110,250,T,112,2960,1060
R,110,250,T,116,2960,1060
R,110,250,T,120,3242,1060
R,110,250,T,124,3820,1060
R,110,250,T,128,3820,1060
R,110,250,T,132,7007,1060
R,110,250,T,136,7007,1060
R,110,250,T,140,63578,1060
R,110,250,T,144,63578,1060
R,110,250,T,148,109432,1060
R,110,250,T,152,109432,1060
R,110,250,T,156,88102,1060
R,110,250,T,160,88102,1060
R,110,250,T,164,70127,1060
R,110,250,T,168,70127,1060
R,110,250,T,172,49161,1060
R,110,250,T,176,49161,1060
R,110,250,T,180,39300,1060
R,110,250,T,184,39300,1060
R,110,250,T,188,29367,1060
R,110,250,T,192,29367,1060
R,110,250,T,196,23247,1060
R,110,250,T,200,23247,1060
R,110,250,T,204,22657,1060
R,110,250,T,208,22657,1060
R,110,250,T,212,17486,1060
R,110,250,T,216,17486,1060
R,110,250,T,220,14108,1060
R,110,250,T,224,14108,1060
R,110,250,T,228,10716,1060
R,110,250,T,232,10716,1060
R,110,250,T,236,11540,1060
R,110,250,T,240,11540,1060
R,110,250,T,244,10472,1060
R,110,250,T,248,10472,1060
R,110,250,T,252,7581,1060
R,110,250,T,256,7581,1060
R,110,250,T,260,6101,1060
R,110,250,T,264,6101,1060
R,110,250,T,268,6462,1060
R,110,250,T,272,6462,1060
R,110,250,T,276,5516,1060
R,110,250,T,280,5516,1060
R,110,250,T,284,4165,1060
R,110,250,T,288,3241,1060
R,110,250,T,292,3241,1060
R,110,250,T,296,2506,1060
R,110,250,T,300,2506,1060
R,110,250,T,304,3125,1060
R,110,250,T,308,3125,1060
R,110,250,T,312,3023,1060
R,110,250,T,316,3023,1060
R,110,250,T,321,2313,1060
R,110,250,T,325,2313,1060
R,110,250,T,329,2109,1060
R,110,250,T,333,2109,1060
R,110,250,T,337,2002,1060
R,110,250,T,341,2002,1060
R,110,250,T,345,3165,1060
R,110,250,T,349,3165,1060
R,110,250,T,353,2137,1060
R,110,250,T,357,2137,1060
R,110,250,T,361,2012,1060
R,110,250,T,365,2012,1060
R,110,250,T,369,2459,1060
R,110,250,T,373,2459,1060
R,110,250,T,377,2823,1060
R,110,250,T,381,2823,1060
R,110,250,T,385,2720,1060
R,110,250,T,389,2720,1060
R,110,250,T,393,2047,1060
R,110,250,T,397,2047,1060
R,110,250,T,401,1891,1060
R,110,250,T,405,1891,1060
R,110,250,T,409,37397,1060
R,110,250,T,413,67609,1060
R,110,250,T,417,67609,1060
R,110,250,T,421,52999,1060
R,110,250,T,425,52999,1060
R,110,250,T,429,39636,1060
R,110,250,T,433,39636,1060
R,110,250,T,437,34033,1060
R,110,250,T,441,34033,1060
R,110,250,T,446,31635,1060
R,110,250,T,450,31635,1060
R,110,250,T,454,23924,1060
R,110,250,T,458,23924,1060
R,110,250,T,462,19126,1060
R,110,250,T,466,19126,1060
R,110,250,T,470,16383,1060
R,110,250,T,474,16383,1060
R,110,250,T,478,13849,1060
R,110,250,T,482,13849,1060
R,110,250,T,486,9354,1060
R,110,250,T,490,9354,1060
R,110,250,T,494,6744,1060
R,110,250,T,498,6744,1060
R,110,250,T,502,5462,1060
R,110,250,T,506,5462,1060
R,110,250,T,510,5319,1060
R,110,250,T,514,5319,1060
R,110,250,T,518,5664,1060
R,110,250,T,522,5664,1060
R,110,250,T,526,3970,1060
R,110,250,T,530,3970,1060
R,110,250,T,534,3571,1060
R,110,250,T,538,3044,1060
R,110,250,T,542,3044,1060
R,110,250,T,546,2284,1060
R,110,250,T,550,2284,1060
R,110,250,T,554,1781,1060
R,110,250,T,558,1781,1060
R,110,250,T,562,1891,1060
R,110,250,T,566,1891,1060
R,110,250,T,571,2043,1060
R,110,250,T,575,2043,1060
R,110,250,T,579,3324,1060
R,110,250,T,583,3324,1060
R,110,250,T,587,2401,1060
R,110,250,T,591,2401,1060
R,110,250,T,595,2158,1060
R,110,250,T,599,2158,1060
    strike=110% energy=8082066
R,120,250,S,4,1334,1662
R,120,250,S,8,1334,1662
R,120,250,S,12,4514,1662
R,120,250,S,16,4514,1662
R,120,250,S,20,6203,1662
R,120,250,S,24,6203,1662
R,120,250,S,28,5072,1662
R,120,250,S,32,5072,1662
R,120,250,S,36,4922,1662
R,120,250,S,40,4922,1662
R,120,250,S,44,3973,1662
R,120,250,S,48,3973,1662
R,120,250,S,52,3002,1662
R,120,250,S,56,3002,1662
R,120,250,S,60,2651,1662
R,120,250,S,64,2651,1662
R,120,250,S,68,2628,1662
R,120,250,S,72,2628,1662
R,120,250,S,76,2121,1662
R,120,250,S,80,2121,1662
R,120,250,S,84,1963,1662
R,120,250,S,88,1963,1662
R,120,250,S,92,2290,1662
R,120,250,S,96,2290,1662
R,120,250,S,100,2720,1662
R,120,250,S,104,2720,1662
R,120,250,S,108,2720,1662
R,120,250,S,112,2720,1662
R,120,250,S,116,2469,1662
R,120,250,S,120,2469,1662
R,120,250,S,124,2870,1662
R,120,250,S,128,2326,1662
R,120,250,S,132,2326,1662
R,120,250,S,136,2014,1662
R,120,250,S,140,2014,1662
R,120,250,S,144,2289,1662
R,120,250,S,148,2289,1662
R,120,250,S,152,2498,1662
R,120,250,S,156,2498,1662
R,120,250,S,161,2158,1662
R,120,250,S,165,2158,1662
R,120,250,S,169,216957,1662
R,120,250,S,173,216957,1662
R,120,250,S,177,264120,1662
R,120,250,S,181,264120,1662
R,120,250,S,185,190740,1662
R,120,250,S,189,190740,1662
R,120,250,S,193,137949,1662
R,120,250,S,197,137949,1662
R,120,250,S,201,80875,1662
R,120,250,S,205,80875,1662
R,120,250,S,209,145214,1662
R,120,250,S,213,145214,1662
R,120,250,S,217,386292,1662
R,120,250,S,221,386292,1662
R,120,250,S,225,288299,1662
R,120,250,S,229,288299,1662
R,120,250,S,233,187270,1662
R,120,250,S,237,187270,1662
R,120,250,S,241,119585,1662
R,120,250,S,245,119585,1662
R,120,250,S,249,121505,1662
R,120,250,S,253,79815,1662
R,120,250,S,257,79815,1662
R,120,250,S,261,84257,1662
R,120,250,S,265,84257,1662
R,120,250,S,269,60608,1662
R,120,250,S,273,60608,1662
R,120,250,S,277,60457,1662
R,120,250,S,281,60457,1662
R,120,250,S,286,50067,1662
R,120,250,S,290,50067,1662
R,120,250,S,294,37286,1662
R,120,250,S,298,37286,1662
R,120,250,S,302,113135,1662
R,120,250,S,306,113135,1662
R,120,250,S,310,145496,1662
R,120,250,S,314,145496,1662
R,120,250,S,318,107121,1662
R,120,250,S,322,107121,1662
R,120,250,S,326,86026,1662
R,120,250,S,330,86026,1662
R,120,250,S,334,68394,1662
R,120,250,S,338,68394,1662
R,120,250,S,342,52993,1662
R,120,250,S,346,52993,1662
R,120,250,S,350,46675,1662
R,120,250,S,354,46675,1662
R,120,250,S,358,34756,1662
R,120,250,S,362,34756,1662
R,120,250,S,366,32422,1662
R,120,250,S,370,32422,1662
R,120,250,S,374,25889,1662
R,120,250,S,378,16753,1662
R,120,250,S,382,16753,1662
R,120,250,S,386,16164,1662
R,120,250,S,390,16164,1662
R,120,250,S,394,12724,1662
R,120,250,S,398,12724,1662
R,120,250,S,402,12630,1662
R,120,250,S,406,12630,1662
R,120,250,S,411,9950,1662
R,120,250,S,415,9950,1662
R,120,250,S,419,10847,1662
R,120,250,T,4,9471,1662
R,120,250,T,8,9471,1662
R,120,250,T,12,8384,1662
R,120,250,T,16,8384,1662
R,120,250,T,20,5017,1662
R,120,250,T,24,5017,1662
R,120,250,T,28,3842,1662
R,120,250,T,32,3842,1662
R,120,250,T,36,4202,1662
R,120,250,T,40,4202,1662
R,120,250,T,44,6009,1662
R,120,250,T,48,6009,1662
R,120,250,T,52,5644,1662
R,120,250,T,56,5644,1662
R,120,250,T,60,4167,1662
R,120,250,T,64,4167,1662
R,120,250,T,68,3865,1662
R,120,250,T,72,3865,1662
R,120,250,T,76,3333,1662
R,120,250,T,80,3333,1662
R,120,250,T,84,2873,1662
R,120,250,T,88,2873,1662
R,120,250,T,92,4034,1662
R,120,250,T,96,4034,1662
R,120,250,T,100,3165,1662
R,120,250,T,104,3165,1662
R,120,250,T,108,2702,1662
R,120,250,T,112,2702,1662
R,120,250,T,116,2812,1662
R,120,250,T,120,2812,1662
R,120,250,T,124,2737,1662
R,120,250,T,128,2463,1662
R,120,250,T,132,2463,1662
R,120,250,T,136,4544,1662
R,120,250,T,140,4544,1662
R,120,250,T,144,54196,1662
R,120,250,T,148,54196,1662
R,120,250,T,153,115135,1662
R,120,250,T,157,115135,1662
R,120,250,T,161,93532,1662
R,120,250,T,165,93532,1662
R,120,250,T,169,62786,1662
R,120,250,T,173,62786,1662
R,120,250,T,177,47694,1662
R,120,250,T,181,47694,1662
R,120,250,T,185,41513,1662
R,120,250,T,189,41513,1662
R,120,250,T,193,32620,1662
R,120,250,T,197,32620,1662
R,120,250,T,201,26264,1662
R,120,250,T,205,26264,1662
R,120,250,T,209,22698,1662
R,120,250,T,213,22698,1662
R,120,250,T,217,17272,1662
R,120,250,T,221,17272,1662
R,120,250,T,225,12034,1662
R,120,250,T,229,12034,1662
R,120,250,T,233,9031,1662
R,120,250,T,237,9031,1662
R,120,250,T,241,9073,1662
R,120,250,T,245,9073,1662
R,120,250,T,249,7479,1662
R,120,250,T,253,7559,1662
R,120,250,T,257,7559,1662
R,120,250,T,261,5478,1662
R,120,250,T,265,5478,1662
R,120,250,T,269,5206,1662
R,120,250,T,273,5206,1662
R,120,250,T,278,4871,1662
R,120,250,T,282,4871,1662
R,120,250,T,286,4370,1662
R,120,250,T,290,4370,1662
R,120,250,T,294,3448,1662
R,120,250,T,298,3448,1662
R,120,250,T,302,2704,1662
R,120,250,T,306,2704,1662
R,120,250,T,310,2856,1662
R,120,250,T,314,2856,1662
R,120,250,T,318,3113,1662
R,120,250,T,322,3113,1662
R,120,250,T,326,2526,1662
R,120,250,T,330,2526,1662
R,120,250,T,334,2191,1662
R,120,250,T,338,2191,1662
R,120,250,T,342,2262,1662
R,120,250,T,346,2262,1662
R,120,250,T,350,1880,1662
R,120,250,T,354,1880,1662
R,120,250,T,358,2422,1662
R,120,250,T,362,2422,1662
R,120,250,T,366,1506,1662
R,120,250,T,370,1506,1662
R,120,250,T,374,2083,1662
R,120,250,T,378,1918,1662
R,120,250,T,382,1918,1662
R,120,250,T,386,1899,1662
R,120,250,T,390,1899,1662
R,120,250,T,394,1615,1662
R,120,250,T,398,1615,1662
R,120,250,T,403,2174,1662
R,120,250,T,407,2174,1662
R,120,250,T,411,2539,1662
R,120,250,T,415,2539,1662
R,120,250,T,419,24722,1662
R,120,250,T,423,24722,1662
R,120,250,T,427,71091,1662
R,120,250,T,431,71091,1662
R,120,250,T,435,55288,1662
R,120,250,T,439,55288,1662
R,120,250,T,443,36452,1662
R,120,250,T,447,36452,1662
R,120,250,T,451,31948,1662
R,120,250,T,455,31948,1662
R,120,250,T,459,26115,1662
R,120,250,T,463,26115,1662
R,120,250,T,467,17917,1662
R,120,250,T,471,17917,1662
R,120,250,T,475,14255,1662
R,120,250,T,479,14255,1662
R,120,250,T,483,12737,1662
R,120,250,T,487,12737,1662
R,120,250,T,491,10539,1662
R,120,250,T,495,10539,1662
R,120,250,T,499,7006,1662
R,120,250,T,503,5522,1662
R,120,250,T,507,5522,1662
R,120,250,T,511,4987,1662
R,120,250,T,515,4987,1662
R,120,250,T,519,4749,1662
R,120,250,T,523,4749,1662
R,120,250,T,528,4466,1662
R,120,250,T,532,4466,1662
R,120,250,T,536,3024,1662
R,120,250,T,540,3024,1662
R,120,250,T,544,2661,1662
R,120,250,T,548,2661,1662
R,120,250,T,552,2610,1662
R,120,250,T,556,2610,1662
R,120,250,T,560,2391,1662
R,120,250,T,564,2391,1662
R,120,250,T,568,1944,1662
R,120,250,T,572,1944,1662
R,120,250,T,576,1702,1662
R,120,250,T,580,1702,1662
R,120,250,T,584,2176,1662
R,120,250,T,588,2176,1662
R,120,250,T,592,2271,1662
R,120,250,T,596,2271,1662
    strike=120% energy=7185615
R,130,250,S,4,1238,1070
R,130,250,S,8,1238,1070
R,130,250,S,12,4351,1070
R,130,250,S,16,4351,1070
R,130,250,S,20,7005,1070
R,130,250,S,24,7005,1070
R,130,250,S,28,6189,1070
R,130,250,S,32,6189,1070
R,130,250,S,36,5059,1070
R,130,250,S,40,5059,1070
R,130,250,S,44,4305,1070
R,130,250,S,48,4305,1070
R,130,250,S,52,3145,1070
R,130,250,S,56,3145,1070
R,130,250,S,60,2511,1070
R,130,250,S,64,2511,1070
R,130,250,S,68,2852,1070
R,130,250,S,72,2852,1070
R,130,250,S,76,2316,1070
R,130,250,S,80,2316,1070
R,130,250,S,84,2319,1070
R,130,250,S,88,2319,1070
R,130,250,S,92,2054,1070
R,130,250,S,96,2054,1070
R,130,250,S,100,2499,1070
R,130,250,S,104,2499,1070
R,130,250,S,108,3152,1070
R,130,250,S,112,3152,1070
R,130,250,S,116,2704,1070
R,130,250,S,120,2704,1070
R,130,250,S,124,2407,1070
R,130,250,S,128,2407,1070
R,130,250,S,132,2450,1070
R,130,250,S,136,2362,1070
R,130,250,S,140,2362,1070
R,130,250,S,144,2223,1070
R,130,250,S,148,2223,1070
R,130,250,S,152,2124,1070
R,130,250,S,156,2124,1070
R,130,250,S,160,376207,1070
R,130,250,S,164,376207,1070
R,130,250,S,169,411164,1070
R,130,250,S,173,411164,1070
R,130,250,S,177,352575,1070
R,130,250,S,181,352575,1070
R,130,250,S,185,273402,1070
R,130,250,S,189,273402,1070
R,130,250,S,193,181785,1070
R,130,250,S,197,181785,1070
R,130,250,S,201,111057,1070
R,130,250,S,205,111057,1070
R,130,250,S,209,197809,1070
R,130,250,S,213,197809,1070
R,130,250,S,217,166540,1070
R,130,250,S,221,166540,1070
R,130,250,S,225,183844,1070
R,130,250,S,229,183844,1070
R,130,250,S,233,147807,1070
R,130,250,S,237,147807,1070
R,130,250,S,241,98671,1070
R,130,250,S,245,98671,1070
R,130,250,S,249,158180,1070
R,130,250,S,253,158180,1070
R,130,250,S,257,102668,1070
R,130,250,S,261,149295,1070
R,130,250,S,265,149295,1070
R,130,250,S,269,101947,1070
R,130,250,S,273,101947,1070
R,130,250,S,277,72613,1070
R,130,250,S,281,72613,1070
R,130,250,S,285,74278,1070
R,130,250,S,289,74278,1070
R,130,250,S,294,49687,1070
R,130,250,S,298,49687,1070
R,130,250,S,302,36738,1070
R,130,250,S,306,36738,1070
R,130,250,S,310,30274,1070
R,130,250,S,314,30274,1070
R,130,250,S,318,86332,1070
R,130,250,S,322,86332,1070
R,130,250,S,326,138522,1070
R,130,250,S,330,138522,1070
R,130,250,S,334,114698,1070
R,130,250,S,338,114698,1070
R,130,250,S,342,75353,1070
R,130,250,S,346,75353,1070
R,130,250,S,350,56156,1070
R,130,250,S,354,56156,1070
R,130,250,S,358,42809,1070
R,130,250,S,362,42809,1070
R,130,250,S,366,41631,1070
R,130,250,S,370,41631,1070
R,130,250,S,374,27492,1070
R,130,250,S,378,27492,1070
R,130,250,S,382,25855,1070
R,130,250,S,386,18069,1070
R,130,250,S,390,18069,1070
R,130,250,S,394,16272,1070
R,130,250,S,398,16272,1070
R,130,250,S,402,11323,1070
R,130,250,S,406,11323,1070
R,130,250,S,410,11826,1070
R,130,250,S,414,11826,1070
R,130,250,S,419,9273,1070
R,130,250,S,423,9273,1070
R,130,250,S,427,8797,1070
R,130,250,S,431,8797,1070
R,130,250,S,435,7284,1070
R,130,250,T,4,5247,1070
R,130,250,T,8,5247,1070
R,130,250,T,12,6291,1070
R,130,250,T,16,6291,1070
R,130,250,T,20,5025,1070
R,130,250,T,24,5025,1070
R,130,250,T,28,4518,1070
R,130,250,T,32,4518,1070
R,130,250,T,36,3788,1070
R,130,250,T,40,3788,1070
R,130,250,T,44,3849,1070
R,130,250,T,48,3849,1070
R,130,250,T,52,4701,1070
R,130,250,T,56,4701,1070
R,130,250,T,60,3930,1070
R,130,250,T,64,3930,1070
R,130,250,T,68,3382,1070
R,130,250,T,72,3382,1070
R,130,250,T,76,2693,1070
R,130,250,T,80,2693,1070
R,130,250,T,84,2926,1070
R,130,250,T,88,2926,1070
R,130,250,T,92,2919,1070
R,130,250,T,96,2919,1070
R,130,250,T,100,2235,1070
R,130,250,T,104,2235,1070
R,130,250,T,108,1919,1070
R,130,250,T,112,1919,1070
R,130,250,T,116,1699,1070
R,130,250,T,120,1942,1070
R,130,250,T,124,1942,1070
R,130,250,T,128,2258,1070
R,130,250,T,132,2258,1070
R,130,250,T,136,2096,1070
R,130,250,T,140,2096,1070
R,130,250,T,145,41289,1070
R,130,250,T,149,41289,1070
R,130,250,T,153,77620,1070
R,130,250,T,157,77620,1070
R,130,250,T,161,59076,1070
R,130,250,T,165,59076,1070
R,130,250,T,169,42992,1070
R,130,250,T,173,42992,1070
R,130,250,T,177,37827,1070
R,130,250,T,181,37827,1070
R,130,250,T,185,33852,1070
R,130,250,T,189,33852,1070
R,130,250,T,193,27228,1070
R,130,250,T,197,27228,1070
R,130,250,T,201,18716,1070
R,130,250,T,205,18716,1070
R,130,250,T,209,17084,1070
R,130,250,T,213,17084,1070
R,130,250,T,217,15147,1070
R,130,250,T,221,15147,1070
R,130,250,T,225,10305,1070
R,130,250,T,229,10305,1070
R,130,250,T,233,7647,1070
R,130,250,T,237,7647,1070
R,130,250,T,241,6097,1070
R,130,250,T,245,5721,1070
R,130,250,T,249,5721,1070
R,130,250,T,253,7289,1070
R,130,250,T,257,7289,1070
R,130,250,T,261,5102,1070
R,130,250,T,265,5102,1070
R,130,250,T,270,5117,1070
R,130,250,T,274,5117,1070
R,130,250,T,278,5500,1070
R,130,250,T,282,5500,1070
R,130,250,T,286,3756,1070
R,130,250,T,290,3756,1070
R,130,250,T,294,3554,1070
R,130,250,T,298,3554,1070
R,130,250,T,302,2528,1070
R,130,250,T,306,2528,1070
R,130,250,T,310,2977,1070
R,130,250,T,314,2977,1070
R,130,250,T,318,4104,1070
R,130,250,T,322,4104,1070
R,130,250,T,326,3033,1070
R,130,250,T,330,3033,1070
R,130,250,T,334,2813,1070
R,130,250,T,338,2813,1070
R,130,250,T,342,2380,1070
R,130,250,T,346,2380,1070
R,130,250,T,350,1808,1070
R,130,250,T,354,1808,1070
R,130,250,T,358,1920,1070
R,130,250,T,362,1920,1070
R,130,250,T,366,1558,1070
R,130,250,T,370,2113,1070
R,130,250,T,374,2113,1070
R,130,250,T,378,1855,1070
R,130,250,T,382,1855,1070
R,130,250,T,386,1520,1070
R,130,250,T,390,1520,1070
R,130,250,T,395,1248,1070
R,130,250,T,399,1248,1070
R,130,250,T,403,1376,1070
R,130,250,T,407,1376,1070
R,130,250,T,411,1439,1070
R,130,250,T,415,1439,1070
R,130,250,T,419,1368,1070
R,130,250,T,423,1368,1070
R,130,250,T,427,1973,1070
R,130,250,T,431,1973,1070
R,130,250,T,435,17576,1070
R,130,250,T,439,17576,1070
R,130,250,T,443,35093,1070
R,130,250,T,447,35093,1070
R,130,250,T,451,29409,1070
R,130,250,T,455,29409,1070
R,130,250,T,459,21482,1070
R,130,250,T,463,21482,1070
R,130,250,T,467,19725,1070
R,130,250,T,471,19725,1070
R,130,250,T,475,14180,1070
R,130,250,T,479,14180,1070
R,130,250,T,483,9652,1070
R,130,250,T,487,9652,1070
R,130,250,T,491,7802,1070
R,130,250,T,495,7177,1070
R,130,250,T,499,7177,1070
R,130,250,T,503,7237,1070
R,130,250,T,507,7237,1070
R,130,250,T,511,5311,1070
R,130,250,T,515,5311,1070
R,130,250,T,520,4989,1070
R,130,250,T,524,4989,1070
R,130,250,T,528,3858,1070
R,130,250,T,532,3858,1070
R,130,250,T,536,3332,1070
R,130,250,T,540,3332,1070
R,130,250,T,544,4158,1070
R,130,250,T,548,4158,1070
R,130,250,T,552,2737,1070
R,130,250,T,556,2737,1070
R,130,250,T,560,2217,1070
R,130,250,T,564,2217,1070
R,130,250,T,568,2315,1070
R,130,250,T,572,2315,1070
R,130,250,T,576,2041,1070
R,130,250,T,580,2041,1070
R,130,250,T,584,1842,1070
R,130,250,T,588,1842,1070
R,130,250,T,592,1978,1070
R,130,250,T,596,1978,1070
    strike=130% energy=5062247
R,140,250,S,4,968,946
R,140,250,S,8,1140,946
R,140,250,S,12,1140,946
R,140,250,S,16,4457,946
R,140,250,S,20,4457,946
R,140,250,S,24,5708,946
R,140,250,S,28,5708,946
R,140,250,S,32,7121,946
R,140,250,S,36,7121,946
R,140,250,S,40,6207,946
R,140,250,S,44,6207,946
R,140,250,S,48,4684,946
R,140,250,S,52,4684,946
R,140,250,S,56,3801,946
R,140,250,S,60,3801,946
R,140,250,S,64,2639,946
R,140,250,S,68,3017,946
R,140,250,S,72,3017,946
R,140,250,S,76,2393,946
R,140,250,S,80,2393,946
R,140,250,S,84,1990,946
R,140,250,S,88,1990,946
R,140,250,S,92,2205,946
R,140,250,S,96,2205,946
R,140,250,S,101,3120,946
R,140,250,S,105,3120,946
R,140,250,S,109,2683,946
R,140,250,S,113,2683,946
R,140,250,S,117,2320,946
R,140,250,S,121,2320,946
R,140,250,S,125,2647,946
R,140,250,S,129,2647,946
R,140,250,S,133,2498,946
R,140,250,S,137,2498,946
R,140,250,S,141,2194,946
R,140,250,S,145,2194,946
R,140,250,S,149,2542,946
R,140,250,S,153,2542,946
R,140,250,S,157,2420,946
R,140,250,S,161,2420,946
R,140,250,S,165,1069827,946
R,140,250,S,169,1069827,946
R,140,250,S,173,760123,946
R,140,250,S,177,760123,946
R,140,250,S,181,471906,946
R,140,250,S,185,471906,946
R,140,250,S,189,319531,946
R,140,250,S,193,212959,946
R,140,250,S,197,212959,946
R,140,250,S,201,161896,946
R,140,250,S,205,161896,946
R,140,250,S,209,212401,946
R,140,250,S,213,212401,946
R,140,250,S,217,166969,946
R,140,250,S,221,166969,946
R,140,250,S,226,187096,946
R,140,250,S,230,187096,946
R,140,250,S,234,118477,946
R,140,250,S,238,118477,946
R,140,250,S,242,92238,946
R,140,250,S,246,92238,946
R,140,250,S,250,123841,946
R,140,250,S,254,123841,946
R,140,250,S,258,83609,946
R,140,250,S,262,83609,946
R,140,250,S,266,88284,946
R,140,250,S,270,88284,946
R,140,250,S,274,67842,946
R,140,250,S,278,67842,946
R,140,250,S,282,53184,946
R,140,250,S,286,53184,946
R,140,250,S,290,42814,946
R,140,250,S,294,42814,946
R,140,250,S,298,36458,946
R,140,250,S,302,36458,946
R,140,250,S,306,29099,946
R,140,250,S,310,29099,946
R,140,250,S,314,17457,946
R,140,250,S,318,12391,946
R,140,250,S,322,12391,946
R,140,250,S,326,14991,946
R,140,250,S,330,14991,946
R,140,250,S,334,51820,946
R,140,250,S,338,51820,946
R,140,250,S,342,73993,946
R,140,250,S,346,73993,946
R,140,250,S,351,65949,946
R,140,250,S,355,65949,946
R,140,250,S,359,54685,946
R,140,250,S,363,54685,946
R,140,250,S,367,43140,946
R,140,250,S,371,43140,946
R,140,250,S,375,33388,946
R,140,250,S,379,33388,946
R,140,250,S,383,30109,946
R,140,250,S,387,30109,946
R,140,250,S,391,28044,946
R,140,250,S,395,28044,946
R,140,250,S,399,21112,946
R,140,250,S,403,21112,946
R,140,250,S,407,19160,946
R,140,250,S,411,19160,946
R,140,250,S,415,13747,946
R,140,250,S,419,13747,946
R,140,250,S,423,11183,946
R,140,250,S,427,11183,946
R,140,250,S,431,9339,946
R,140,250,S,435,9339,946
R,140,250,S,439,6868,946
R,140,250,S,443,8636,946
R,140,250,S,447,8636,946
R,140,250,S,451,6776,946
R,140,250,T,4,6776,946
R,140,250,T,8,5617,946
R,140,250,T,12,5617,946
R,140,250,T,16,4062,946
R,140,250,T,20,4062,946
R,140,250,T,24,3431,946
R,140,250,T,28,3431,946
R,140,250,T,32,3077,946
R,140,250,T,36,2719,946
R,140,250,T,40,2719,946
R,140,250,T,44,2452,946
R,140,250,T,48,2452,946
R,140,250,T,52,2841,946
R,140,250,T,56,2841,946
R,140,250,T,61,2996,946
R,140,250,T,65,2996,946
R,140,250,T,69,2984,946
R,140,250,T,73,2984,946
R,140,250,T,77,2511,946
R,140,250,T,81,2511,946
R,140,250,T,85,2445,946
R,140,250,T,89,2445,946
R,140,250,T,93,1869,946
R,140,250,T,97,1869,946
R,140,250,T,101,1419,946
R,140,250,T,105,1419,946
R,140,250,T,109,1542,946
R,140,250,T,113,1542,946
R,140,250,T,117,1451,946
R,140,250,T,121,1451,946
R,140,250,T,125,1238,946
R,140,250,T,129,1238,946
R,140,250,T,133,1311,946
R,140,250,T,137,1311,946
R,140,250,T,141,1096,946
R,140,250,T,145,1096,946
R,140,250,T,149,3101,946
R,140,250,T,153,3101,946
R,140,250,T,157,19091,946
R,140,250,T,161,36526,946
R,140,250,T,165,36526,946
R,140,250,T,169,35487,946
R,140,250,T,173,35487,946
R,140,250,T,177,26223,946
R,140,250,T,181,26223,946
R,140,250,T,186,20221,946
R,140,250,T,190,20221,946
R,140,250,T,194,18791,946
R,140,250,T,198,18791,946
R,140,250,T,202,18096,946
R,140,250,T,206,18096,946
R,140,250,T,210,13031,946
R,140,250,T,214,13031,946
R,140,250,T,218,11265,946
R,140,250,T,222,11265,946
R,140,250,T,226,9768,946
R,140,250,T,230,9768,946
R,140,250,T,234,7343,946
R,140,250,T,238,7343,946
R,140,250,T,242,6351,946
R,140,250,T,246,6351,946
R,140,250,T,250,4543,946
R,140,250,T,254,4543,946
R,140,250,T,258,4271,946
R,140,250,T,262,4271,946
R,140,250,T,266,4740,946
R,140,250,T,270,4740,946
R,140,250,T,274,4560,946
R,140,250,T,278,4560,946
R,140,250,T,282,4392,946
R,140,250,T,286,3565,946
R,140,250,T,290,3565,946
R,140,250,T,294,3264,946
R,140,250,T,298,3264,946
R,140,250,T,302,3890,946
R,140,250,T,306,3890,946
R,140,250,T,311,2822,946
R,140,250,T,315,2822,946
R,140,250,T,319,2479,946
R,140,250,T,323,2479,946
R,140,250,T,327,2577,946
R,140,250,T,331,2577,946
R,140,250,T,335,2209,946
R,140,250,T,339,2209,946
R,140,250,T,343,1783,946
R,140,250,T,347,1783,946
R,140,250,T,351,1464,946
R,140,250,T,355,1464,946
R,140,250,T,359,1980,946
R,140,250,T,363,1980,946
R,140,250,T,367,1556,946
R,140,250,T,371,1556,946
R,140,250,T,375,1393,946
R,140,250,T,379,1393,946
R,140,250,T,383,1331,946
R,140,250,T,387,1331,946
R,140,250,T,391,1174,946
R,140,250,T,395,1174,946
R,140,250,T,399,1517,946
R,140,250,T,403,1517,946
R,140,250,T,407,1494,946
R,140,250,T,411,1357,946
R,140,250,T,415,1357,946
R,140,250,T,419,1250,946
R,140,250,T,423,1250,946
R,140,250,T,427,1061,946
R,140,250,T,431,1061,946
R,140,250,T,436,1243,946
R,140,250,T,440,1243,946
R,140,250,T,444,1185,946
R,140,250,T,448,1185,946
R,140,250,T,452,1847,946
R,140,250,T,456,1847,946
R,140,250,T,460,1698,946
R,140,250,T,464,1698,946
R,140,250,T,468,3101,946
R,140,250,T,472,3101,946
R,140,250,T,476,6604,946
R,140,250,T,480,6604,946
R,140,250,T,484,9243,946
R,140,250,T,488,9243,946
R,140,250,T,492,8734,946
R,140,250,T,496,8734,946
R,140,250,T,500,8923,946
R,140,250,T,504,8923,946
R,140,250,T,508,6285,946
R,140,250,T,512,6285,946
R,140,250,T,516,5581,946
R,140,250,T,520,5581,946
R,140,250,T,524,4374,946
R,140,250,T,528,4374,946
R,140,250,T,532,3805,946
R,140,250,T,536,3486,946
R,140,250,T,540,3486,946
R,140,250,T,544,3129,946
R,140,250,T,548,3129,946
R,140,250,T,552,2486,946
R,140,250,T,556,2486,946
R,140,250,T,561,2077,946
R,140,250,T,565,2077,946
R,140,250,T,569,2048,946
R,140,250,T,573,2048,946
R,140,250,T,577,1720,946
R,140,250,T,581,1720,946
R,140,250,T,585,1367,946
R,140,250,T,589,1367,946
R,140,250,T,593,1557,946
R,140,250,T,597,1557,946
    strike=140% energy=2680390
R,150,250,S,4,1270,1132
R,150,250,S,8,1521,1132
R,150,250,S,12,1521,1132
R,150,250,S,17,6870,1132
R,150,250,S,21,6870,1132
R,150,250,S,25,8472,1132
R,150,250,S,29,8472,1132
R,150,250,S,33,7317,1132
R,150,250,S,37,7317,1132
R,150,250,S,41,6370,1132
R,150,250,S,45,6370,1132
R,150,250,S,49,4850,1132
R,150,250,S,53,4850,1132
R,150,250,S,57,4139,1132
R,150,250,S,61,4139,1132
R,150,250,S,65,3538,1132
R,150,250,S,69,3538,1132
R,150,250,S,73,3440,1132
R,150,250,S,77,3440,1132
R,150,250,S,81,3305,1132
R,150,250,S,85,3305,1132
R,150,250,S,89,2300,1132
R,150,250,S,93,2300,1132
R,150,250,S,97,2140,1132
R,150,250,S,101,2140,1132
R,150,250,S,105,2944,1132
R,150,250,S,109,3684,1132
R,150,250,S,113,3684,1132
R,150,250,S,117,2902,1132
R,150,250,S,121,2902,1132
R,150,250,S,125,3285,1132
R,150,250,S,129,3285,1132
R,150,250,S,133,2261,1132
R,150,250,S,137,2261,1132
R,150,250,S,142,2420,1132
R,150,250,S,146,2420,1132
R,150,250,S,150,2499,1132
R,150,250,S,154,2499,1132
R,150,250,S,158,1960,1132
R,150,250,S,162,1960,1132
R,150,250,S,166,703063,1132
R,150,250,S,170,703063,1132
R,150,250,S,174,553823,1132
R,150,250,S,178,553823,1132
R,150,250,S,182,348575,1132
R,150,250,S,186,348575,1132
R,150,250,S,190,246348,1132
R,150,250,S,194,246348,1132
R,150,250,S,198,187394,1132
R,150,250,S,202,187394,1132
R,150,250,S,206,227341,1132
R,150,250,S,210,227341,1132
R,150,250,S,214,224860,1132
R,150,250,S,218,224860,1132
R,150,250,S,222,211118,1132
R,150,250,S,226,211118,1132
R,150,250,S,230,167448,1132
R,150,250,S,234,105031,1132
R,150,250,S,238,105031,1132
R,150,250,S,242,86343,1132
R,150,250,S,246,86343,1132
R,150,250,S,250,80523,1132
R,150,250,S,254,80523,1132
R,150,250,S,258,54013,1132
R,150,250,S,262,54013,1132
R,150,250,S,267,50777,1132
R,150,250,S,271,50777,1132
R,150,250,S,275,59743,1132
R,150,250,S,279,59743,1132
R,150,250,S,283,37062,1132
R,150,250,S,287,37062,1132
R,150,250,S,291,37476,1132
R,150,250,S,295,37476,1132
R,150,250,S,299,45011,1132
R,150,250,S,303,45011,1132
R,150,250,S,307,41746,1132
R,150,250,S,311,41746,1132
R,150,250,S,315,35882,1132
R,150,250,S,319,35882,1132
R,150,250,S,323,35343,1132
R,150,250,S,327,35343,1132
R,150,250,S,331,34211,1132
R,150,250,S,335,34211,1132
R,150,250,S,339,30140,1132
R,150,250,S,343,30140,1132
R,150,250,S,347,27536,1132
R,150,250,S,351,27536,1132
R,150,250,S,355,23910,1132
R,150,250,S,359,25919,1132
R,150,250,S,363,25919,1132
R,150,250,S,367,49394,1132
R,150,250,S,371,49394,1132
R,150,250,S,375,91178,1132
R,150,250,S,379,91178,1132
R,150,250,S,383,73095,1132
R,150,250,S,387,73095,1132
R,150,250,S,392,56385,1132
R,150,250,S,396,56385,1132
R,150,250,S,400,44172,1132
R,150,250,S,404,44172,1132
R,150,250,S,408,38817,1132
R,150,250,S,412,38817,1132
R,150,250,S,416,24034,1132
R,150,250,S,420,24034,1132
R,150,250,S,424,25559,1132
R,150,250,S,428,25559,1132
R,150,250,S,432,20508,1132
R,150,250,S,436,20508,1132
R,150,250,S,440,19315,1132
R,150,250,S,444,19315,1132
R,150,250,S,448,13352,1132
R,150,250,S,452,13352,1132
R,150,250,S,456,12601,1132
R,150,250,S,460,12601,1132
R,150,250,S,464,15131,1132
R,150,250,S,468,15131,1132
R,150,250,T,4,10223,1132
R,150,250,T,8,10384,1132
R,150,250,T,12,10384,1132
R,150,250,T,16,7779,1132
R,150,250,T,20,7779,1132
R,150,250,T,24,10114,1132
R,150,250,T,28,10114,1132
R,150,250,T,32,7151,1132
R,150,250,T,36,7151,1132
R,150,250,T,40,7600,1132
R,150,250,T,44,7600,1132
R,150,250,T,48,6735,1132
R,150,250,T,52,6735,1132
R,150,250,T,56,7549,1132
R,150,250,T,60,7549,1132
R,150,250,T,64,8414,1132
R,150,250,T,68,8414,1132
R,150,250,T,72,6481,1132
R,150,250,T,76,6481,1132
R,150,250,T,80,7062,1132
R,150,250,T,84,7062,1132
R,150,250,T,88,6754,1132
R,150,250,T,92,6754,1132
R,150,250,T,96,7493,1132
R,150,250,T,100,5564,1132
R,150,250,T,104,5564,1132
R,150,250,T,108,4183,1132
R,150,250,T,112,4183,1132
R,150,250,T,116,3628,1132
R,150,250,T,120,3628,1132
R,150,250,T,124,4079,1132
R,150,250,T,128,4079,1132
R,150,250,T,132,3985,1132
R,150,250,T,136,3985,1132
R,150,250,T,140,3179,1132
R,150,250,T,144,3179,1132
R,150,250,T,148,3089,1132
R,150,250,T,152,3089,1132
R,150,250,T,156,2964,1132
R,150,250,T,160,2964,1132
R,150,250,T,164,2925,1132
R,150,250,T,168,2925,1132
R,150,250,T,172,2138,1132
R,150,250,T,176,2138,1132
R,150,250,T,180,2952,1132
R,150,250,T,184,2952,1132
R,150,250,T,188,18188,1132
R,150,250,T,192,18188,1132
R,150,250,T,196,32435,1132
R,150,250,T,200,32435,1132
R,150,250,T,204,27444,1132
R,150,250,T,208,27444,1132
R,150,250,T,212,21249,1132
R,150,250,T,216,21249,1132
R,150,250,T,220,17923,1132
R,150,250,T,224,17923,1132
R,150,250,T,228,12500,1132
R,150,250,T,232,12500,1132
R,150,250,T,236,9169,1132
R,150,250,T,240,9169,1132
R,150,250,T,244,7681,1132
R,150,250,T,248,7681,1132
R,150,250,T,252,8721,1132
R,150,250,T,256,8721,1132
R,150,250,T,260,7524,1132
R,150,250,T,264,7524,1132
R,150,250,T,268,5649,1132
R,150,250,T,272,4804,1132
R,150,250,T,276,4804,1132
R,150,250,T,280,3750,1132
R,150,250,T,284,3750,1132
R,150,250,T,288,3470,1132
R,150,250,T,292,3470,1132
R,150,250,T,297,3892,1132
R,150,250,T,301,3892,1132
R,150,250,T,305,2782,1132
R,150,250,T,309,2782,1132
R,150,250,T,313,2281,1132
R,150,250,T,317,2281,1132
R,150,250,T,321,2231,1132
R,150,250,T,325,2231,1132
R,150,250,T,329,2402,1132
R,150,250,T,333,2402,1132
R,150,250,T,337,1788,1132
R,150,250,T,341,1788,1132
R,150,250,T,345,1557,1132
R,150,250,T,349,1557,1132
R,150,250,T,353,1483,1132
R,150,250,T,357,1483,1132
R,150,250,T,361,1526,1132
R,150,250,T,365,1526,1132
R,150,250,T,369,1099,1132
R,150,250,T,373,1099,1132
R,150,250,T,377,1057,1132
R,150,250,T,381,1057,1132
R,150,250,T,385,1840,1132
R,150,250,T,389,1840,1132
R,150,250,T,393,1675,1132
R,150,250,T,397,1321,1132
R,150,250,T,401,1321,1132
R,150,250,T,405,1447,1132
R,150,250,T,409,1447,1132
R,150,250,T,413,1396,1132
R,150,250,T,417,1396,1132
R,150,250,T,422,1241,1132
R,150,250,T,426,1241,1132
R,150,250,T,430,1320,1132
R,150,250,T,434,1320,1132
R,150,250,T,438,1259,1132
R,150,250,T,442,1259,1132
R,150,250,T,446,1337,1132
R,150,250,T,450,1337,1132
R,150,250,T,454,1342,1132
R,150,250,T,458,1342,1132
R,150,250,T,462,1522,1132
R,150,250,T,466,1522,1132
R,150,250,T,470,1567,1132
R,150,250,T,474,1567,1132
R,150,250,T,478,1346,1132
R,150,250,T,482,1346,1132
R,150,250,T,486,1445,1132
R,150,250,T,490,1445,1132
R,150,250,T,494,1339,1132
R,150,250,T,498,1339,1132
R,150,250,T,502,1416,1132
R,150,250,T,506,1416,1132
R,150,250,T,510,1241,1132
R,150,250,T,514,1241,1132
R,150,250,T,518,1099,1132
R,150,250,T,522,883,1132
R,150,250,T,526,883,1132
R,150,250,T,530,920,1132
R,150,250,T,534,920,1132
R,150,250,T,538,1034,1132
R,150,250,T,542,1034,1132
R,150,250,T,547,963,1132
R,150,250,T,551,963,1132
R,150,250,T,555,1258,1132
R,150,250,T,559,1258,1132
R,150,250,T,563,1191,1132
R,150,250,T,567,1191,1132
R,150,250,T,571,1021,1132
R,150,250,T,575,1021,1132
R,150,250,T,579,1606,1132
R,150,250,T,583,1606,1132
R,150,250,T,587,1821,1132
R,150,250,T,591,1821,1132
R,150,250,T,595,1720,1132
R,150,250,T,599,1720,1132
    strike=150% energy=2321489
  best strike=150%
  pass 2: sweep rebound power
R,150,50,S,4,1062,1166
R,150,50,S,8,1062,1166
R,150,50,S,12,3951,1166
R,150,50,S,16,3951,1166
R,150,50,S,21,6197,1166
R,150,50,S,25,6197,1166
R,150,50,S,29,6256,1166
R,150,50,S,33,6256,1166
R,150,50,S,37,5067,1166
R,150,50,S,41,5067,1166
R,150,50,S,45,4499,1166
R,150,50,S,49,4499,1166
R,150,50,S,53,4115,1166
R,150,50,S,57,4115,1166
R,150,50,S,61,3557,1166
R,150,50,S,65,3557,1166
R,150,50,S,69,3050,1166
R,150,50,S,73,3050,1166
R,150,50,S,77,2457,1166
R,150,50,S,81,2457,1166
R,150,50,S,85,2066,1166
R,150,50,S,89,2066,1166
R,150,50,S,93,2204,1166
R,150,50,S,97,2204,1166
R,150,50,S,101,2764,1166
R,150,50,S,105,2764,1166
R,150,50,S,109,3300,1166
R,150,50,S,113,3586,1166
R,150,50,S,117,3586,1166
R,150,50,S,121,2649,1166
R,150,50,S,125,2649,1166
R,150,50,S,129,2791,1166
R,150,50,S,133,2791,1166
R,150,50,S,137,2545,1166
R,150,50,S,141,2545,1166
R,150,50,S,146,2186,1166
R,150,50,S,150,2186,1166
R,150,50,S,154,2112,1166
R,150,50,S,158,2112,1166
R,150,50,S,162,402577,1166
R,150,50,S,166,402577,1166
R,150,50,S,170,426052,1166
R,150,50,S,174,426052,1166
R,150,50,S,178,353745,1166
R,150,50,S,182,353745,1166
R,150,50,S,186,272422,1166
R,150,50,S,190,272422,1166
R,150,50,S,194,179474,1166
R,150,50,S,198,179474,1166
R,150,50,S,202,108974,1166
R,150,50,S,206,108974,1166
R,150,50,S,210,184575,1166
R,150,50,S,214,184575,1166
R,150,50,S,218,153848,1166
R,150,50,S,222,153848,1166
R,150,50,S,226,157800,1166
R,150,50,S,230,157800,1166
R,150,50,S,234,156469,1166
R,150,50,S,238,95530,1166
R,150,50,S,242,95530,1166
R,150,50,S,246,212757,1166
R,150,50,S,250,212757,1166
R,150,50,S,254,140950,1166
R,150,50,S,258,140950,1166
R,150,50,S,262,116572,1166
R,150,50,S,266,116572,1166
R,150,50,S,271,74863,1166
R,150,50,S,275,74863,1166
R,150,50,S,279,45540,1166
R,150,50,S,283,45540,1166
R,150,50,S,287,34394,1166
R,150,50,S,291,34394,1166
R,150,50,S,295,23939,1166
R,150,50,S,299,23939,1166
R,150,50,S,303,26575,1166
R,150,50,S,307,26575,1166
R,150,50,S,311,17608,1166
R,150,50,S,315,17608,1166
R,150,50,S,319,12881,1166
R,150,50,S,323,12881,1166
R,150,50,S,327,13991,1166
R,150,50,S,331,13991,1166
R,150,50,S,335,12598,1166
R,150,50,S,339,12598,1166
R,150,50,S,343,15040,1166
R,150,50,S,347,15040,1166
R,150,50,S,351,64519,1166
R,150,50,S,355,64519,1166
R,150,50,S,359,94199,1166
R,150,50,S,363,78898,1166
R,150,50,S,367,78898,1166
R,150,50,S,371,68923,1166
R,150,50,S,375,68923,1166
R,150,50,S,379,53669,1166
R,150,50,S,383,53669,1166
R,150,50,S,387,37330,1166
R,150,50,S,391,37330,1166
R,150,50,S,396,31687,1166
R,150,50,S,400,31687,1166
R,150,50,S,404,22870,1166
R,150,50,S,408,22870,1166
R,150,50,S,412,23989,1166
R,150,50,S,416,23989,1166
R,150,50,S,420,17131,1166
R,150,50,S,424,17131,1166
R,150,50,S,428,16354,1166
R,150,50,S,432,16354,1166
R,150,50,S,436,12617,1166
R,150,50,S,440,12617,1166
R,150,50,S,444,11266,1166
R,150,50,S,448,11266,1166
R,150,50,S,452,13088,1166
R,150,50,S,456,13088,1166
R,150,50,S,460,10530,1166
R,150,50,S,464,10530,1166
R,150,50,S,468,7685,1166
R,150,50,T,4,7657,1166
R,150,50,T,8,7657,1166
R,150,50,T,12,7965,1166
R,150,50,T,16,7965,1166
R,150,50,T,20,4946,1166
R,150,50,T,24,4946,1166
R,150,50,T,28,3413,1166
R,150,50,T,32,3413,1166
R,150,50,T,36,3351,1166
R,150,50,T,40,3351,1166
R,150,50,T,44,3206,1166
R,150,50,T,48,3206,1166
R,150,50,T,52,3370,1166
R,150,50,T,56,3370,1166
R,150,50,T,60,2667,1166
R,150,50,T,64,2667,1166
R,150,50,T,68,3155,1166
R,150,50,T,72,3155,1166
R,150,50,T,76,3498,1166
R,150,50,T,80,3498,1166
R,150,50,T,84,3569,1166
R,150,50,T,88,3569,1166
R,150,50,T,92,3009,1166
R,150,50,T,96,3009,1166
R,150,50,T,100,2378,1166
R,150,50,T,104,2378,1166
R,150,50,T,108,2632,1166
R,150,50,T,112,3092,1166
R,150,50,T,116,3092,1166
R,150,50,T,120,3392,1166
R,150,50,T,124,3392,1166
R,150,50,T,128,2784,1166
R,150,50,T,132,2784,1166
R,150,50,T,137,4146,1166
R,150,50,T,141,4146,1166
R,150,50,T,145,32647,1166
R,150,50,T,149,32647,1166
R,150,50,T,153,46973,1166
R,150,50,T,157,46973,1166
R,150,50,T,161,41538,1166
R,150,50,T,165,41538,1166
R,150,50,T,169,31835,1166
R,150,50,T,173,31835,1166
R,150,50,T,177,25072,1166
R,150,50,T,181,25072,1166
R,150,50,T,185,23929,1166
R,150,50,T,189,23929,1166
R,150,50,T,193,21054,1166
R,150,50,T,197,21054,1166
R,150,50,T,201,16070,1166
R,150,50,T,205,16070,1166
R,150,50,T,209,14021,1166
R,150,50,T,213,14021,1166
R,150,50,T,217,10798,1166
R,150,50,T,221,10798,1166
R,150,50,T,225,7837,1166
R,150,50,T,229,7837,1166
R,150,50,T,233,5891,1166
R,150,50,T,237,4958,1166
R,150,50,T,241,4958,1166
R,150,50,T,245,4434,1166
R,150,50,T,249,4434,1166
R,150,50,T,253,4440,1166
R,150,50,T,257,4440,1166
R,150,50,T,262,3863,1166
R,150,50,T,266,3863,1166
R,150,50,T,270,3636,1166
R,150,50,T,274,3636,1166
R,150,50,T,278,3034,1166
R,150,50,T,282,3034,1166
R,150,50,T,286,3105,1166
R,150,50,T,290,3105,1166
R,150,50,T,294,2887,1166
R,150,50,T,298,2887,1166
R,150,50,T,302,2187,1166
R,150,50,T,306,2187,1166
R,150,50,T,310,2204,1166
R,150,50,T,314,2204,1166
R,150,50,T,318,3055,1166
R,150,50,T,322,3055,1166
R,150,50,T,326,2893,1166
R,150,50,T,330,2893,1166
R,150,50,T,334,2848,1166
R,150,50,T,338,2848,1166
R,150,50,T,342,2114,1166
R,150,50,T,346,2114,1166
R,150,50,T,350,2295,1166
R,150,50,T,354,2295,1166
R,150,50,T,358,2518,1166
R,150,50,T,362,2177,1166
R,150,50,T,366,2177,1166
R,150,50,T,370,1651,1166
R,150,50,T,374,1651,1166
R,150,50,T,378,1660,1166
R,150,50,T,382,1660,1166
R,150,50,T,387,1307,1166
R,150,50,T,391,1307,1166
R,150,50,T,395,1715,1166
R,150,50,T,399,1715,1166
R,150,50,T,403,1556,1166
R,150,50,T,407,1556,1166
R,150,50,T,411,2216,1166
R,150,50,T,415,2216,1166
R,150,50,T,419,2756,1166
R,150,50,T,423,2756,1166
R,150,50,T,427,2558,1166
R,150,50,T,431,2558,1166
R,150,50,T,435,2030,1166
R,150,50,T,439,2030,1166
R,150,50,T,443,4190,1166
R,150,50,T,447,4190,1166
R,150,50,T,451,9817,1166
R,150,50,T,455,9817,1166
R,150,50,T,459,14468,1166
R,150,50,T,463,14468,1166
R,150,50,T,467,14489,1166
R,150,50,T,471,14489,1166
R,150,50,T,475,12550,1166
R,150,50,T,479,12550,1166
R,150,50,T,483,9010,1166
R,150,50,T,487,9241,1166
R,150,50,T,491,9241,1166
R,150,50,T,495,7767,1166
R,150,50,T,499,7767,1166
R,150,50,T,503,5745,1166
R,150,50,T,507,5745,1166
R,150,50,T,512,4675,1166
R,150,50,T,516,4675,1166
R,150,50,T,520,3626,1166
R,150,50,T,524,3626,1166
R,150,50,T,528,3847,1166
R,150,50,T,532,3847,1166
R,150,50,T,536,2840,1166
R,150,50,T,540,2840,1166
R,150,50,T,544,2690,1166
R,150,50,T,548,2690,1166
R,150,50,T,552,1965,1166
R,150,50,T,556,1965,1166
R,150,50,T,560,3307,1166
R,150,50,T,564,3307,1166
R,150,50,T,568,3153,1166
R,150,50,T,572,3153,1166
R,150,50,T,576,2135,1166
R,150,50,T,580,2135,1166
R,150,50,T,584,2686,1166
R,150,50,T,588,2686,1166
R,150,50,T,592,1988,1166
R,150,50,T,596,1988,1166
    pwr=50 energy=3518805
R,150,100,S,4,1481,1246
R,150,100,S,8,1857,1246
R,150,100,S,12,4192,1246
R,150,100,S,16,4192,1246
R,150,100,S,20,6806,1246
R,150,100,S,24,6806,1246
R,150,100,S,28,7483,1246
R,150,100,S,32,7483,1246
R,150,100,S,36,7115,1246
R,150,100,S,40,7115,1246
R,150,100,S,45,5308,1246
R,150,100,S,49,5308,1246
R,150,100,S,53,3645,1246
R,150,100,S,57,3645,1246
R,150,100,S,61,3433,1246
R,150,100,S,65,3433,1246
R,150,100,S,69,3138,1246
R,150,100,S,73,3138,1246
R,150,100,S,77,2545,1246
R,150,100,S,81,2545,1246
R,150,100,S,85,2007,1246
R,150,100,S,89,2007,1246
R,150,100,S,93,2312,1246
R,150,100,S,97,2312,1246
R,150,100,S,101,3218,1246
R,150,100,S,105,3218,1246
R,150,100,S,109,3002,1246
R,150,100,S,113,3002,1246
R,150,100,S,117,3290,1246
R,150,100,S,121,3290,1246
R,150,100,S,125,2897,1246
R,150,100,S,129,2897,1246
R,150,100,S,133,2283,1246
R,150,100,S,137,2029,1246
R,150,100,S,141,2029,1246
R,150,100,S,145,2522,1246
R,150,100,S,149,2522,1246
R,150,100,S,153,3026,1246
R,150,100,S,157,3026,1246
R,150,100,S,161,183964,1246
R,150,100,S,165,183964,1246
R,150,100,S,170,326587,1246
R,150,100,S,174,326587,1246
R,150,100,S,178,315993,1246
R,150,100,S,182,315993,1246
R,150,100,S,186,228815,1246
R,150,100,S,190,228815,1246
R,150,100,S,194,156623,1246
R,150,100,S,198,156623,1246
R,150,100,S,202,93630,1246
R,150,100,S,206,93630,1246
R,150,100,S,210,174635,1246
R,150,100,S,214,174635,1246
R,150,100,S,218,216781,1246
R,150,100,S,222,216781,1246
R,150,100,S,226,170510,1246
R,150,100,S,230,170510,1246
R,150,100,S,234,147290,1246
R,150,100,S,238,147290,1246
R,150,100,S,242,99497,1246
R,150,100,S,246,99497,1246
R,150,100,S,250,95154,1246
R,150,100,S,254,95154,1246
R,150,100,S,258,79612,1246
R,150,100,S,262,49867,1246
R,150,100,S,266,49867,1246
R,150,100,S,270,51791,1246
R,150,100,S,274,51791,1246
R,150,100,S,278,43285,1246
R,150,100,S,282,43285,1246
R,150,100,S,286,31045,1246
R,150,100,S,290,31045,1246
R,150,100,S,295,32684,1246
R,150,100,S,299,32684,1246
R,150,100,S,303,31662,1246
R,150,100,S,307,31662,1246
R,150,100,S,311,24277,1246
R,150,100,S,315,24277,1246
R,150,100,S,319,17649,1246
R,150,100,S,323,17649,1246
R,150,100,S,327,18767,1246
R,150,100,S,331,18767,1246
R,150,100,S,335,16776,1246
R,150,100,S,339,16776,1246
R,150,100,S,343,18584,1246
R,150,100,S,347,18584,1246
R,150,100,S,351,68125,1246
R,150,100,S,355,68125,1246
R,150,100,S,359,134489,1246
R,150,100,S,363,134489,1246
R,150,100,S,367,105639,1246
R,150,100,S,371,105639,1246
R,150,100,S,375,72750,1246
R,150,100,S,379,72750,1246
R,150,100,S,383,55236,1246
R,150,100,S,387,41507,1246
R,150,100,S,391,41507,1246
R,150,100,S,395,42024,1246
R,150,100,S,399,42024,1246
R,150,100,S,403,28037,1246
R,150,100,S,407,28037,1246
R,150,100,S,411,24979,1246
R,150,100,S,415,24979,1246
R,150,100,S,420,18536,1246
R,150,100,S,424,18536,1246
R,150,100,S,428,19142,1246
R,150,100,S,432,19142,1246
R,150,100,S,436,12539,1246
R,150,100,S,440,12539,1246
R,150,100,S,444,12717,1246
R,150,100,S,448,12717,1246
R,150,100,S,452,10813,1246
R,150,100,S,456,10813,1246
R,150,100,S,460,8659,1246
R,150,100,S,464,8659,1246
R,150,100,S,468,8822,1246
R,150,100,T,4,7182,1246
R,150,100,T,8,7182,1246
R,150,100,T,12,10758,1246
R,150,100,T,16,10758,1246
R,150,100,T,20,7714,1246
R,150,100,T,24,7714,1246
R,150,100,T,28,6730,1246
R,150,100,T,32,6730,1246
R,150,100,T,36,5573,1246
R,150,100,T,40,5573,1246
R,150,100,T,44,4676,1246
R,150,100,T,48,4676,1246
R,150,100,T,52,6025,1246
R,150,100,T,56,6025,1246
R,150,100,T,60,3701,1246
R,150,100,T,64,3701,1246
R,150,100,T,68,3581,1246
R,150,100,T,72,3581,1246
R,150,100,T,76,2561,1246
R,150,100,T,80,2561,1246
R,150,100,T,84,4765,1246
R,150,100,T,88,4765,1246
R,150,100,T,92,4310,1246
R,150,100,T,96,4310,1246
R,150,100,T,100,3237,1246
R,150,100,T,104,3237,1246
R,150,100,T,108,2705,1246
R,150,100,T,112,2705,1246
R,150,100,T,116,2512,1246
R,150,100,T,120,2512,1246
R,150,100,T,124,2384,1246
R,150,100,T,128,2384,1246
R,150,100,T,132,2162,1246
R,150,100,T,136,2664,1246
R,150,100,T,140,2664,1246
R,150,100,T,144,9451,1246
R,150,100,T,148,9451,1246
R,150,100,T,152,28753,1246
R,150,100,T,156,28753,1246
R,150,100,T,161,42869,1246
R,150,100,T,165,42869,1246
R,150,100,T,169,33681,1246
R,150,100,T,173,33681,1246
R,150,100,T,177,30421,1246
R,150,100,T,181,30421,1246
R,150,100,T,185,24209,1246
R,150,100,T,189,24209,1246
R,150,100,T,193,18081,1246
R,150,100,T,197,18081,1246
R,150,100,T,201,13895,1246
R,150,100,T,205,13895,1246
R,150,100,T,209,12288,1246
R,150,100,T,213,12288,1246
R,150,100,T,217,9974,1246
R,150,100,T,221,9974,1246
R,150,100,T,225,7544,1246
R,150,100,T,229,7544,1246
R,150,100,T,233,6702,1246
R,150,100,T,237,6702,1246
R,150,100,T,241,5051,1246
R,150,100,T,245,5051,1246
R,150,100,T,249,4412,1246
R,150,100,T,253,4412,1246
R,150,100,T,257,4752,1246
R,150,100,T,261,4236,1246
R,150,100,T,265,4236,1246
R,150,100,T,269,3593,1246
R,150,100,T,273,3593,1246
R,150,100,T,277,2640,1246
R,150,100,T,281,2640,1246
R,150,100,T,286,2201,1246
R,150,100,T,290,2201,1246
R,150,100,T,294,2213,1246
R,150,100,T,298,2213,1246
R,150,100,T,302,2084,1246
R,150,100,T,306,2084,1246
R,150,100,T,310,1959,1246
R,150,100,T,314,1959,1246
R,150,100,T,318,1749,1246
R,150,100,T,322,1749,1246
R,150,100,T,326,2136,1246
R,150,100,T,330,2136,1246
R,150,100,T,334,1855,1246
R,150,100,T,338,1855,1246
R,150,100,T,342,1617,1246
R,150,100,T,346,1617,1246
R,150,100,T,350,1643,1246
R,150,100,T,354,1643,1246
R,150,100,T,358,1547,1246
R,150,100,T,362,1547,1246
R,150,100,T,366,1797,1246
R,150,100,T,370,1797,1246
R,150,100,T,374,1676,1246
R,150,100,T,378,1676,1246
R,150,100,T,382,1881,1246
R,150,100,T,386,1614,1246
R,150,100,T,390,1614,1246
R,150,100,T,394,1203,1246
R,150,100,T,398,1203,1246
R,150,100,T,402,1137,1246
R,150,100,T,406,1137,1246
R,150,100,T,411,1085,1246
R,150,100,T,415,1085,1246
R,150,100,T,419,1154,1246
R,150,100,T,423,1154,1246
R,150,100,T,427,1096,1246
R,150,100,T,431,1096,1246
R,150,100,T,435,1003,1246
R,150,100,T,439,1003,1246
R,150,100,T,443,3770,1246
R,150,100,T,447,3770,1246
R,150,100,T,451,4291,1246
R,150,100,T,455,4291,1246
R,150,100,T,459,13494,1246
R,150,100,T,463,13494,1246
R,150,100,T,467,20136,1246
R,150,100,T,471,20136,1246
R,150,100,T,475,15374,1246
R,150,100,T,479,15374,1246
R,150,100,T,483,12575,1246
R,150,100,T,487,12575,1246
R,150,100,T,491,11528,1246
R,150,100,T,495,11528,1246
R,150,100,T,499,7802,1246
R,150,100,T,503,7802,1246
R,150,100,T,507,5490,1246
R,150,100,T,511,5063,1246
R,150,100,T,515,5063,1246
R,150,100,T,519,4528,1246
R,150,100,T,523,4528,1246
R,150,100,T,527,3867,1246
R,150,100,T,531,3867,1246
R,150,100,T,536,3232,1246
R,150,100,T,540,3232,1246
R,150,100,T,544,2295,1246
R,150,100,T,548,2295,1246
R,150,100,T,552,2137,1246
R,150,100,T,556,2137,1246
R,150,100,T,560,1856,1246
R,150,100,T,564,1856,1246
R,150,100,T,568,1891,1246
R,150,100,T,572,1891,1246
R,150,100,T,576,1431,1246
R,150,100,T,580,1431,1246
R,150,100,T,584,1505,1246
R,150,100,T,588,1505,1246
R,150,100,T,592,1348,1246
R,150,100,T,596,1348,1246
    pwr=100 energy=3221537
R,150,170,S,4,1068,1030
R,150,170,S,8,927,1030
R,150,170,S,12,927,1030
R,150,170,S,16,3642,1030
R,150,170,S,20,3642,1030
R,150,170,S,24,6878,1030
R,150,170,S,28,6878,1030
R,150,170,S,32,5854,1030
R,150,170,S,36,5854,1030
R,150,170,S,40,5111,1030
R,150,170,S,44,5111,1030
R,150,170,S,48,3962,1030
R,150,170,S,52,3962,1030
R,150,170,S,56,2985,1030
R,150,170,S,60,2985,1030
R,150,170,S,64,2539,1030
R,150,170,S,68,2539,1030
R,150,170,S,72,2311,1030
R,150,170,S,76,2311,1030
R,150,170,S,80,2164,1030
R,150,170,S,84,2164,1030
R,150,170,S,88,1821,1030
R,150,170,S,92,2607,1030
R,150,170,S,96,2607,1030
R,150,170,S,100,3431,1030
R,150,170,S,104,3431,1030
R,150,170,S,108,3619,1030
R,150,170,S,112,3619,1030
R,150,170,S,116,3089,1030
R,150,170,S,120,3089,1030
R,150,170,S,125,3197,1030
R,150,170,S,129,3197,1030
R,150,170,S,133,2834,1030
R,150,170,S,137,2834,1030
R,150,170,S,141,2502,1030
R,150,170,S,145,2502,1030
R,150,170,S,149,2444,1030
R,150,170,S,153,2444,1030
R,150,170,S,157,2444,1030
R,150,170,S,161,2444,1030
R,150,170,S,165,992358,1030
R,150,170,S,169,992358,1030
R,150,170,S,173,709262,1030
R,150,170,S,177,709262,1030
R,150,170,S,181,463925,1030
R,150,170,S,185,463925,1030
R,150,170,S,189,305883,1030
R,150,170,S,193,305883,1030
R,150,170,S,197,213233,1030
R,150,170,S,201,213233,1030
R,150,170,S,205,209417,1030
R,150,170,S,209,209417,1030
R,150,170,S,213,187060,1030
R,150,170,S,217,183528,1030
R,150,170,S,221,183528,1030
R,150,170,S,225,148685,1030
R,150,170,S,229,148685,1030
R,150,170,S,233,93269,1030
R,150,170,S,237,93269,1030
R,150,170,S,241,86474,1030
R,150,170,S,245,86474,1030
R,150,170,S,250,111961,1030
R,150,170,S,254,111961,1030
R,150,170,S,258,66193,1030
R,150,170,S,262,66193,1030
R,150,170,S,266,70065,1030
R,150,170,S,270,70065,1030
R,150,170,S,274,60385,1030
R,150,170,S,278,60385,1030
R,150,170,S,282,52130,1030
R,150,170,S,286,52130,1030
R,150,170,S,290,37576,1030
R,150,170,S,294,37576,1030
R,150,170,S,298,26104,1030
R,150,170,S,302,26104,1030
R,150,170,S,306,19872,1030
R,150,170,S,310,19872,1030
R,150,170,S,314,18528,1030
R,150,170,S,318,18528,1030
R,150,170,S,322,15513,1030
R,150,170,S,326,15513,1030
R,150,170,S,330,10132,1030
R,150,170,S,334,10132,1030
R,150,170,S,338,8642,1030
R,150,170,S,342,7622,1030
R,150,170,S,346,7622,1030
R,150,170,S,350,13458,1030
R,150,170,S,354,13458,1030
R,150,170,S,358,55969,1030
R,150,170,S,362,55969,1030
R,150,170,S,366,75763,1030
R,150,170,S,370,75763,1030
R,150,170,S,375,62374,1030
R,150,170,S,379,62374,1030
R,150,170,S,383,55137,1030
R,150,170,S,387,55137,1030
R,150,170,S,391,38964,1030
R,150,170,S,395,38964,1030
R,150,170,S,399,28640,1030
R,150,170,S,403,28640,1030
R,150,170,S,407,19589,1030
R,150,170,S,411,19589,1030
R,150,170,S,415,18692,1030
R,150,170,S,419,18692,1030
R,150,170,S,423,18208,1030
R,150,170,S,427,18208,1030
R,150,170,S,431,13234,1030
R,150,170,S,435,13234,1030
R,150,170,S,439,11015,1030
R,150,170,S,443,11015,1030
R,150,170,S,447,7852,1030
R,150,170,S,451,7852,1030
R,150,170,S,455,7317,1030
R,150,170,S,459,7317,1030
R,150,170,S,463,6476,1030
R,150,170,S,467,6359,1030
R,150,170,T,4,6359,1030
R,150,170,T,8,5581,1030
R,150,170,T,12,5581,1030
R,150,170,T,16,5212,1030
R,150,170,T,20,5212,1030
R,150,170,T,24,5156,1030
R,150,170,T,28,5156,1030
R,150,170,T,32,4078,1030
R,150,170,T,36,4078,1030
R,150,170,T,40,3496,1030
R,150,170,T,44,2976,1030
R,150,170,T,48,2976,1030
R,150,170,T,52,2904,1030
R,150,170,T,56,2904,1030
R,150,170,T,60,3255,1030
R,150,170,T,64,3255,1030
R,150,170,T,69,2346,1030
R,150,170,T,73,2346,1030
R,150,170,T,77,2488,1030
R,150,170,T,81,2488,1030
R,150,170,T,85,2309,1030
R,150,170,T,89,2309,1030
R,150,170,T,93,2257,1030
R,150,170,T,97,2257,1030
R,150,170,T,101,2296,1030
R,150,170,T,105,2296,1030
R,150,170,T,109,1774,1030
R,150,170,T,113,1774,1030
R,150,170,T,117,1507,1030
R,150,170,T,121,1507,1030
R,150,170,T,125,1544,1030
R,150,170,T,129,1544,1030
R,150,170,T,133,1404,1030
R,150,170,T,137,1404,1030
R,150,170,T,141,1224,1030
R,150,170,T,145,1224,1030
R,150,170,T,149,1175,1030
R,150,170,T,153,1175,1030
R,150,170,T,157,1466,1030
R,150,170,T,161,1466,1030
R,150,170,T,165,23070,1030
R,150,170,T,169,64732,1030
R,150,170,T,173,64732,1030
R,150,170,T,177,50916,1030
R,150,170,T,181,50916,1030
R,150,170,T,185,33754,1030
R,150,170,T,189,33754,1030
R,150,170,T,194,28976,1030
R,150,170,T,198,28976,1030
R,150,170,T,202,25143,1030
R,150,170,T,206,25143,1030
R,150,170,T,210,17261,1030
R,150,170,T,214,17261,1030
R,150,170,T,218,13590,1030
R,150,170,T,222,13590,1030
R,150,170,T,226,11981,1030
R,150,170,T,230,11981,1030
R,150,170,T,234,9261,1030
R,150,170,T,238,9261,1030
R,150,170,T,242,6453,1030
R,150,170,T,246,6453,1030
R,150,170,T,250,5515,1030
R,150,170,T,254,5515,1030
R,150,170,T,258,4624,1030
R,150,170,T,262,4624,1030
R,150,170,T,266,4834,1030
R,150,170,T,270,4834,1030
R,150,170,T,274,4118,1030
R,150,170,T,278,4118,1030
R,150,170,T,282,3603,1030
R,150,170,T,286,3603,1030
R,150,170,T,290,3382,1030
R,150,170,T,294,2420,1030
R,150,170,T,298,2420,1030
R,150,170,T,302,2393,1030
R,150,170,T,306,2393,1030
R,150,170,T,310,2444,1030
R,150,170,T,314,2444,1030
R,150,170,T,319,2281,1030
R,150,170,T,323,2281,1030
R,150,170,T,327,2524,1030
R,150,170,T,331,2524,1030
R,150,170,T,335,2446,1030
R,150,170,T,339,2446,1030
R,150,170,T,343,1903,1030
R,150,170,T,347,1903,1030
R,150,170,T,351,1464,1030
R,150,170,T,355,1464,1030
R,150,170,T,359,1738,1030
R,150,170,T,363,1738,1030
R,150,170,T,367,1402,1030
R,150,170,T,371,1402,1030
R,150,170,T,375,1848,1030
R,150,170,T,379,1848,1030
R,150,170,T,383,1785,1030
R,150,170,T,387,1785,1030
R,150,170,T,391,1605,1030
R,150,170,T,395,1605,1030
R,150,170,T,399,1317,1030
R,150,170,T,403,1317,1030
R,150,170,T,407,1211,1030
R,150,170,T,411,1211,1030
R,150,170,T,415,1174,1030
R,150,170,T,419,1440,1030
R,150,170,T,423,1440,1030
R,150,170,T,427,1164,1030
R,150,170,T,431,1164,1030
R,150,170,T,435,1243,1030
R,150,170,T,439,1243,1030
R,150,170,T,444,1298,1030
R,150,170,T,448,1298,1030
R,150,170,T,452,1348,1030
R,150,170,T,456,1348,1030
R,150,170,T,460,1175,1030
R,150,170,T,464,1175,1030
R,150,170,T,468,1166,1030
R,150,170,T,472,1166,1030
R,150,170,T,476,2038,1030
R,150,170,T,480,2038,1030
R,150,170,T,484,1972,1030
R,150,170,T,488,1972,1030
R,150,170,T,492,2642,1030
R,150,170,T,496,2642,1030
R,150,170,T,500,2267,1030
R,150,170,T,504,2267,1030
R,150,170,T,508,2386,1030
R,150,170,T,512,2386,1030
R,150,170,T,516,2342,1030
R,150,170,T,520,2342,1030
R,150,170,T,524,1920,1030
R,150,170,T,528,1920,1030
R,150,170,T,532,1719,1030
R,150,170,T,536,1719,1030
R,150,170,T,540,1403,1030
R,150,170,T,544,1344,1030
R,150,170,T,548,1344,1030
R,150,170,T,552,1330,1030
R,150,170,T,556,1330,1030
R,150,170,T,560,1434,1030
R,150,170,T,564,1434,1030
R,150,170,T,569,1519,1030
R,150,170,T,573,1519,1030
R,150,170,T,577,1426,1030
R,150,170,T,581,1426,1030
R,150,170,T,585,1291,1030
R,150,170,T,589,1291,1030
R,150,170,T,593,1081,1030
R,150,170,T,597,1081,1030
    pwr=170 energy=2798960
R,150,250,S,4,994,1118
R,150,250,S,8,1024,1118
R,150,250,S,12,1024,1118
R,150,250,S,16,5423,1118
R,150,250,S,20,5423,1118
R,150,250,S,25,7396,1118
R,150,250,S,29,7396,1118
R,150,250,S,33,7887,1118
R,150,250,S,37,7887,1118
R,150,250,S,41,7790,1118
R,150,250,S,45,7790,1118
R,150,250,S,49,5988,1118
R,150,250,S,53,5988,1118
R,150,250,S,57,4618,1118
R,150,250,S,61,4618,1118
R,150,250,S,65,3630,1118
R,150,250,S,69,3630,1118
R,150,250,S,73,3695,1118
R,150,250,S,77,3695,1118
R,150,250,S,81,2860,1118
R,150,250,S,85,2860,1118
R,150,250,S,89,2314,1118
R,150,250,S,93,2314,1118
R,150,250,S,97,2448,1118
R,150,250,S,101,2448,1118
R,150,250,S,105,2997,1118
R,150,250,S,109,2997,1118
R,150,250,S,113,3765,1118
R,150,250,S,117,3041,1118
R,150,250,S,121,3041,1118
R,150,250,S,125,3346,1118
R,150,250,S,129,3346,1118
R,150,250,S,133,2637,1118
R,150,250,S,137,2637,1118
R,150,250,S,141,2222,1118
R,150,250,S,145,2222,1118
R,150,250,S,150,2608,1118
R,150,250,S,154,2608,1118
R,150,250,S,158,27308,1118
R,150,250,S,162,27308,1118
R,150,250,S,166,235826,1118
R,150,250,S,170,235826,1118
R,150,250,S,174,285468,1118
R,150,250,S,178,285468,1118
R,150,250,S,182,211987,1118
R,150,250,S,186,211987,1118
R,150,250,S,190,148646,1118
R,150,250,S,194,148646,1118
R,150,250,S,198,91119,1118
R,150,250,S,202,91119,1118
R,150,250,S,206,222589,1118
R,150,250,S,210,222589,1118
R,150,250,S,214,310825,1118
R,150,250,S,218,310825,1118
R,150,250,S,222,260806,1118
R,150,250,S,226,260806,1118
R,150,250,S,230,157296,1118
R,150,250,S,234,157296,1118
R,150,250,S,238,117845,1118
R,150,250,S,242,76254,1118
R,150,250,S,246,76254,1118
R,150,250,S,250,93526,1118
R,150,250,S,254,93526,1118
R,150,250,S,258,67542,1118
R,150,250,S,262,67542,1118
R,150,250,S,266,69253,1118
R,150,250,S,270,69253,1118
R,150,250,S,275,57153,1118
R,150,250,S,279,57153,1118
R,150,250,S,283,43113,1118
R,150,250,S,287,43113,1118
R,150,250,S,291,29679,1118
R,150,250,S,295,29679,1118
R,150,250,S,299,18313,1118
R,150,250,S,303,18313,1118
R,150,250,S,307,11775,1118
R,150,250,S,311,11775,1118
R,150,250,S,315,12221,1118
R,150,250,S,319,12221,1118
R,150,250,S,323,13366,1118
R,150,250,S,327,13366,1118
R,150,250,S,331,8803,1118
R,150,250,S,335,8803,1118
R,150,250,S,339,7911,1118
R,150,250,S,343,7911,1118
R,150,250,S,347,6748,1118
R,150,250,S,351,6748,1118
R,150,250,S,355,6436,1118
R,150,250,S,359,6436,1118
R,150,250,S,363,6086,1118
R,150,250,S,367,38183,1118
R,150,250,S,371,38183,1118
R,150,250,S,375,80373,1118
R,150,250,S,379,80373,1118
R,150,250,S,383,64926,1118
R,150,250,S,387,64926,1118
R,150,250,S,391,47465,1118
R,150,250,S,395,47465,1118
R,150,250,S,400,39584,1118
R,150,250,S,404,39584,1118
R,150,250,S,408,31190,1118
R,150,250,S,412,31190,1118
R,150,250,S,416,20069,1118
R,150,250,S,420,20069,1118
R,150,250,S,424,16477,1118
R,150,250,S,428,16477,1118
R,150,250,S,432,14210,1118
R,150,250,S,436,14210,1118
R,150,250,S,440,10845,1118
R,150,250,S,444,10845,1118
R,150,250,S,448,9698,1118
R,150,250,S,452,9698,1118
R,150,250,S,456,6893,1118
R,150,250,S,460,6893,1118
R,150,250,S,464,8335,1118
R,150,250,S,468,8335,1118
R,150,250,T,4,6915,1118
R,150,250,T,8,6047,1118
R,150,250,T,12,6047,1118
R,150,250,T,16,4542,1118
R,150,250,T,20,4542,1118
R,150,250,T,24,5770,1118
R,150,250,T,28,5770,1118
R,150,250,T,32,4951,1118
R,150,250,T,36,4951,1118
R,150,250,T,40,3639,1118
R,150,250,T,44,3639,1118
R,150,250,T,48,3434,1118
R,150,250,T,52,3434,1118
R,150,250,T,56,2799,1118
R,150,250,T,60,2799,1118
R,150,250,T,64,3208,1118
R,150,250,T,68,3208,1118
R,150,250,T,72,2956,1118
R,150,250,T,76,2956,1118
R,150,250,T,80,2750,1118
R,150,250,T,84,2750,1118
R,150,250,T,88,2335,1118
R,150,250,T,92,2335,1118
R,150,250,T,96,2016,1118
R,150,250,T,100,2016,1118
R,150,250,T,104,2318,1118
R,150,250,T,108,1662,1118
R,150,250,T,112,1662,1118
R,150,250,T,116,1939,1118
R,150,250,T,120,1939,1118
R,150,250,T,124,1455,1118
R,150,250,T,128,1455,1118
R,150,250,T,132,1672,1118
R,150,250,T,136,1672,1118
R,150,250,T,140,1426,1118
R,150,250,T,144,1426,1118
R,150,250,T,148,1614,1118
R,150,250,T,152,1614,1118
R,150,250,T,156,1569,1118
R,150,250,T,160,1569,1118
R,150,250,T,164,1593,1118
R,150,250,T,168,1593,1118
R,150,250,T,172,1303,1118
R,150,250,T,176,1303,1118
R,150,250,T,180,1636,1118
R,150,250,T,184,1636,1118
R,150,250,T,188,10889,1118
R,150,250,T,192,10889,1118
R,150,250,T,196,19046,1118
R,150,250,T,200,19046,1118
R,150,250,T,204,18004,1118
R,150,250,T,208,18004,1118
R,150,250,T,212,16305,1118
R,150,250,T,216,16305,1118
R,150,250,T,220,12128,1118
R,150,250,T,224,12128,1118
R,150,250,T,228,13953,1118
R,150,250,T,232,13953,1118
R,150,250,T,236,11046,1118
R,150,250,T,240,11046,1118
R,150,250,T,244,8845,1118
R,150,250,T,248,8845,1118
R,150,250,T,252,6582,1118
R,150,250,T,256,6582,1118
R,150,250,T,260,5455,1118
R,150,250,T,264,5455,1118
R,150,250,T,268,4407,1118
R,150,250,T,272,4407,1118
R,150,250,T,276,4177,1118
R,150,250,T,280,3146,1118
R,150,250,T,284,3146,1118
R,150,250,T,288,3318,1118
R,150,250,T,292,3318,1118
R,150,250,T,296,2606,1118
R,150,250,T,300,2606,1118
R,150,250,T,305,2619,1118
R,150,250,T,309,2619,1118
R,150,250,T,313,2415,1118
R,150,250,T,317,2415,1118
R,150,250,T,321,2120,1118
R,150,250,T,325,2120,1118
R,150,250,T,329,2930,1118
R,150,250,T,333,2930,1118
R,150,250,T,337,2516,1118
R,150,250,T,341,2516,1118
R,150,250,T,345,2152,1118
R,150,250,T,349,2152,1118
R,150,250,T,353,1909,1118
R,150,250,T,357,1909,1118
R,150,250,T,361,1359,1118
R,150,250,T,365,1359,1118
R,150,250,T,369,1328,1118
R,150,250,T,373,1328,1118
R,150,250,T,377,1096,1118
R,150,250,T,381,1096,1118
R,150,250,T,385,1179,1118
R,150,250,T,389,1179,1118
R,150,250,T,393,1425,1118
R,150,250,T,397,1425,1118
R,150,250,T,401,1219,1118
R,150,250,T,405,1020,1118
R,150,250,T,409,1020,1118
R,150,250,T,413,1036,1118
R,150,250,T,417,1036,1118
R,150,250,T,421,1340,1118
R,150,250,T,425,1340,1118
R,150,250,T,430,999,1118
R,150,250,T,434,999,1118
R,150,250,T,438,1175,1118
R,150,250,T,442,1175,1118
R,150,250,T,446,1076,1118
R,150,250,T,450,1076,1118
R,150,250,T,454,863,1118
R,150,250,T,458,863,1118
R,150,250,T,462,892,1118
R,150,250,T,466,892,1118
R,150,250,T,470,1269,1118
R,150,250,T,474,1269,1118
R,150,250,T,478,1025,1118
R,150,250,T,482,1025,1118
R,150,250,T,486,922,1118
R,150,250,T,490,922,1118
R,150,250,T,494,955,1118
R,150,250,T,498,955,1118
R,150,250,T,502,1047,1118
R,150,250,T,506,1047,1118
R,150,250,T,510,1284,1118
R,150,250,T,514,1284,1118
R,150,250,T,518,1362,1118
R,150,250,T,522,1362,1118
R,150,250,T,526,1256,1118
R,150,250,T,530,1116,1118
R,150,250,T,534,1116,1118
R,150,250,T,538,1307,1118
R,150,250,T,542,1307,1118
R,150,250,T,546,1216,1118
R,150,250,T,550,1216,1118
R,150,250,T,555,1225,1118
R,150,250,T,559,1225,1118
R,150,250,T,563,1100,1118
R,150,250,T,567,1100,1118
R,150,250,T,571,986,1118
R,150,250,T,575,986,1118
R,150,250,T,579,1033,1118
R,150,250,T,583,1033,1118
R,150,250,T,587,963,1118
R,150,250,T,591,963,1118
R,150,250,T,595,965,1118
R,150,250,T,599,965,1118
    pwr=250 energy=1388677
R,150,350,S,4,1097,1007
R,150,350,S,8,1097,1007
R,150,350,S,12,2603,1007
R,150,350,S,16,2603,1007
R,150,350,S,20,7781,1007
R,150,350,S,24,7781,1007
R,150,350,S,28,7383,1007
R,150,350,S,32,7383,1007
R,150,350,S,36,6416,1007
R,150,350,S,40,6416,1007
R,150,350,S,44,6076,1007
R,150,350,S,48,6076,1007
R,150,350,S,52,4716,1007
R,150,350,S,56,3422,1007
R,150,350,S,60,3422,1007
R,150,350,S,64,3319,1007
R,150,350,S,68,3319,1007
R,150,350,S,72,2874,1007
R,150,350,S,76,2874,1007
R,150,350,S,80,2079,1007
R,150,350,S,84,2079,1007
R,150,350,S,89,2090,1007
R,150,350,S,93,2090,1007
R,150,350,S,97,2522,1007
R,150,350,S,101,2522,1007
R,150,350,S,105,4109,1007
R,150,350,S,109,4109,1007
R,150,350,S,113,4561,1007
R,150,350,S,117,4561,1007
R,150,350,S,121,3465,1007
R,150,350,S,125,3465,1007
R,150,350,S,129,2985,1007
R,150,350,S,133,2985,1007
R,150,350,S,137,3155,1007
R,150,350,S,141,3155,1007
R,150,350,S,145,2501,1007
R,150,350,S,149,2501,1007
R,150,350,S,153,2308,1007
R,150,350,S,157,2308,1007
R,150,350,S,161,2001,1007
R,150,350,S,165,2001,1007
R,150,350,S,169,518413,1007
R,150,350,S,173,518413,1007
R,150,350,S,177,459743,1007
R,150,350,S,181,282610,1007
R,150,350,S,185,282610,1007
R,150,350,S,189,197863,1007
R,150,350,S,193,197863,1007
R,150,350,S,197,133983,1007
R,150,350,S,201,133983,1007
R,150,350,S,205,186965,1007
R,150,350,S,209,186965,1007
R,150,350,S,214,137342,1007
R,150,350,S,218,137342,1007
R,150,350,S,222,228726,1007
R,150,350,S,226,228726,1007
R,150,350,S,230,144293,1007
R,150,350,S,234,144293,1007
R,150,350,S,238,112131,1007
R,150,350,S,242,112131,1007
R,150,350,S,246,179102,1007
R,150,350,S,250,179102,1007
R,150,350,S,254,141419,1007
R,150,350,S,258,141419,1007
R,150,350,S,262,119634,1007
R,150,350,S,266,119634,1007
R,150,350,S,270,85982,1007
R,150,350,S,274,85982,1007
R,150,350,S,278,50865,1007
R,150,350,S,282,50865,1007
R,150,350,S,286,36896,1007
R,150,350,S,290,36896,1007
R,150,350,S,294,36033,1007
R,150,350,S,298,36033,1007
R,150,350,S,302,23037,1007
R,150,350,S,306,16707,1007
R,150,350,S,310,16707,1007
R,150,350,S,314,10838,1007
R,150,350,S,318,10838,1007
R,150,350,S,322,9261,1007
R,150,350,S,326,9261,1007
R,150,350,S,330,10751,1007
R,150,350,S,334,10751,1007
R,150,350,S,339,9459,1007
R,150,350,S,343,9459,1007
R,150,350,S,347,10946,1007
R,150,350,S,351,10946,1007
R,150,350,S,355,7016,1007
R,150,350,S,359,7016,1007
R,150,350,S,363,8353,1007
R,150,350,S,367,8353,1007
R,150,350,S,371,6091,1007
R,150,350,S,375,6091,1007
R,150,350,S,379,6308,1007
R,150,350,S,383,6308,1007
R,150,350,S,387,23665,1007
R,150,350,S,391,23665,1007
R,150,350,S,395,49347,1007
R,150,350,S,399,49347,1007
R,150,350,S,403,38223,1007
R,150,350,S,407,38223,1007
R,150,350,S,411,28803,1007
R,150,350,S,415,28803,1007
R,150,350,S,419,24751,1007
R,150,350,S,423,24751,1007
R,150,350,S,427,23449,1007
R,150,350,S,431,16609,1007
R,150,350,S,435,16609,1007
R,150,350,S,439,13607,1007
R,150,350,S,443,13607,1007
R,150,350,S,447,11051,1007
R,150,350,S,451,11051,1007
R,150,350,S,455,8194,1007
R,150,350,S,459,8194,1007
R,150,350,S,464,7096,1007
R,150,350,S,468,7096,1007
R,150,350,T,4,5665,1007
R,150,350,T,8,6035,1007
R,150,350,T,12,6035,1007
R,150,350,T,16,4646,1007
R,150,350,T,20,4646,1007
R,150,350,T,24,4653,1007
R,150,350,T,28,4653,1007
R,150,350,T,32,5614,1007
R,150,350,T,36,5614,1007
R,150,350,T,40,4564,1007
R,150,350,T,44,4564,1007
R,150,350,T,48,3637,1007
R,150,350,T,52,3637,1007
R,150,350,T,56,2905,1007
R,150,350,T,60,2905,1007
R,150,350,T,64,3600,1007
R,150,350,T,68,3600,1007
R,150,350,T,72,2861,1007
R,150,350,T,76,2861,1007
R,150,350,T,80,2886,1007
R,150,350,T,84,2886,1007
R,150,350,T,88,3047,1007
R,150,350,T,92,3047,1007
R,150,350,T,96,2919,1007
R,150,350,T,100,2919,1007
R,150,350,T,104,3120,1007
R,150,350,T,108,3120,1007
R,150,350,T,112,2547,1007
R,150,350,T,116,2547,1007
R,150,350,T,120,2589,1007
R,150,350,T,124,2589,1007
R,150,350,T,128,2648,1007
R,150,350,T,132,2648,1007
R,150,350,T,136,2373,1007
R,150,350,T,140,2373,1007
R,150,350,T,144,1868,1007
R,150,350,T,148,1868,1007
R,150,350,T,152,1790,1007
R,150,350,T,156,1790,1007
R,150,350,T,160,1896,1007
R,150,350,T,164,1896,1007
R,150,350,T,168,1560,1007
R,150,350,T,172,1560,1007
R,150,350,T,176,1462,1007
R,150,350,T,180,1253,1007
R,150,350,T,184,1253,1007
R,150,350,T,188,1039,1007
R,150,350,T,192,1039,1007
R,150,350,T,196,1097,1007
R,150,350,T,200,1097,1007
R,150,350,T,205,1230,1007
R,150,350,T,209,1230,1007
R,150,350,T,213,1017,1007
R,150,350,T,217,1017,1007
R,150,350,T,221,2316,1007
R,150,350,T,225,2316,1007
R,150,350,T,229,2102,1007
R,150,350,T,233,2102,1007
R,150,350,T,237,7367,1007
R,150,350,T,241,7367,1007
R,150,350,T,245,18775,1007
R,150,350,T,249,18775,1007
R,150,350,T,253,13303,1007
R,150,350,T,257,13303,1007
R,150,350,T,261,10534,1007
R,150,350,T,265,10534,1007
R,150,350,T,269,9260,1007
R,150,350,T,273,9260,1007
R,150,350,T,277,7663,1007
R,150,350,T,281,7663,1007
R,150,350,T,285,6235,1007
R,150,350,T,289,6235,1007
R,150,350,T,293,4744,1007
R,150,350,T,297,4744,1007
R,150,350,T,301,4166,1007
R,150,350,T,305,2639,1007
R,150,350,T,309,2639,1007
R,150,350,T,313,2205,1007
R,150,350,T,317,2205,1007
R,150,350,T,321,2662,1007
R,150,350,T,325,2662,1007
R,150,350,T,330,2396,1007
R,150,350,T,334,2396,1007
R,150,350,T,338,2313,1007
R,150,350,T,342,2313,1007
R,150,350,T,346,2037,1007
R,150,350,T,350,2037,1007
R,150,350,T,354,1816,1007
R,150,350,T,358,1816,1007
R,150,350,T,362,1502,1007
R,150,350,T,366,1502,1007
R,150,350,T,370,1827,1007
R,150,350,T,374,1827,1007
R,150,350,T,378,1467,1007
R,150,350,T,382,1467,1007
R,150,350,T,386,1534,1007
R,150,350,T,390,1534,1007
R,150,350,T,394,1380,1007
R,150,350,T,398,1380,1007
R,150,350,T,402,1167,1007
R,150,350,T,406,1167,1007
R,150,350,T,410,888,1007
R,150,350,T,414,888,1007
R,150,350,T,418,881,1007
R,150,350,T,422,881,1007
R,150,350,T,426,830,1007
R,150,350,T,430,785,1007
R,150,350,T,434,785,1007
R,150,350,T,438,903,1007
R,150,350,T,442,903,1007
R,150,350,T,446,1088,1007
R,150,350,T,450,1088,1007
R,150,350,T,455,1036,1007
R,150,350,T,459,1036,1007
R,150,350,T,463,1277,1007
R,150,350,T,467,1277,1007
R,150,350,T,471,1129,1007
R,150,350,T,475,1129,1007
R,150,350,T,479,1060,1007
R,150,350,T,483,1060,1007
R,150,350,T,487,1022,1007
R,150,350,T,491,1022,1007
R,150,350,T,495,1152,1007
R,150,350,T,499,1152,1007
R,150,350,T,503,1121,1007
R,150,350,T,507,1121,1007
R,150,350,T,511,1229,1007
R,150,350,T,515,1229,1007
R,150,350,T,519,1383,1007
R,150,350,T,523,1383,1007
R,150,350,T,527,1155,1007
R,150,350,T,531,1155,1007
R,150,350,T,535,1052,1007
R,150,350,T,539,1052,1007
R,150,350,T,543,1226,1007
R,150,350,T,547,1226,1007
R,150,350,T,551,1279,1007
R,150,350,T,555,1465,1007
R,150,350,T,559,1465,1007
R,150,350,T,563,1338,1007
R,150,350,T,567,1338,1007
R,150,350,T,571,1056,1007
R,150,350,T,575,1056,1007
R,150,350,T,580,1206,1007
R,150,350,T,584,1206,1007
R,150,350,T,588,1071,1007
R,150,350,T,592,1071,1007
R,150,350,T,596,1208,1007
    pwr=350 energy=1125959
R,150,450,S,4,921,1028
R,150,450,S,8,921,1028
R,150,450,S,12,4005,1028
R,150,450,S,16,4005,1028
R,150,450,S,20,7115,1028
R,150,450,S,24,7115,1028
R,150,450,S,28,6834,1028
R,150,450,S,32,6834,1028
R,150,450,S,36,5578,1028
R,150,450,S,40,5578,1028
R,150,450,S,44,4463,1028
R,150,450,S,48,4463,1028
R,150,450,S,52,3297,1028
R,150,450,S,56,3297,1028
R,150,450,S,60,2871,1028
R,150,450,S,64,2871,1028
R,150,450,S,68,3316,1028
R,150,450,S,72,3316,1028
R,150,450,S,76,2785,1028
R,150,450,S,80,2785,1028
R,150,450,S,84,2278,1028
R,150,450,S,88,2278,1028
R,150,450,S,92,2641,1028
R,150,450,S,96,2641,1028
R,150,450,S,100,3102,1028
R,150,450,S,104,3102,1028
R,150,450,S,108,3814,1028
R,150,450,S,112,3814,1028
R,150,450,S,116,3753,1028
R,150,450,S,120,3753,1028
R,150,450,S,124,2954,1028
R,150,450,S,128,2381,1028
R,150,450,S,132,2381,1028
R,150,450,S,136,2407,1028
R,150,450,S,140,2407,1028
R,150,450,S,144,2449,1028
R,150,450,S,148,2449,1028
R,150,450,S,152,2083,1028
R,150,450,S,156,2083,1028
R,150,450,S,160,8985,1028
R,150,450,S,164,8985,1028
R,150,450,S,168,212314,1028
R,150,450,S,172,212314,1028
R,150,450,S,176,266241,1028
R,150,450,S,180,266241,1028
R,150,450,S,184,201544,1028
R,150,450,S,188,201544,1028
R,150,450,S,192,141849,1028
R,150,450,S,196,141849,1028
R,150,450,S,200,86189,1028
R,150,450,S,204,86189,1028
R,150,450,S,208,150568,1028
R,150,450,S,212,150568,1028
R,150,450,S,216,128136,1028
R,150,450,S,220,128136,1028
R,150,450,S,224,184630,1028
R,150,450,S,228,184630,1028
R,150,450,S,232,112699,1028
R,150,450,S,236,112699,1028
R,150,450,S,240,79339,1028
R,150,450,S,244,79339,1028
R,150,450,S,248,115337,1028
R,150,450,S,252,115337,1028
R,150,450,S,256,74031,1028
R,150,450,S,260,74031,1028
R,150,450,S,264,88812,1028
R,150,450,S,268,88812,1028
R,150,450,S,272,61141,1028
R,150,450,S,276,61141,1028
R,150,450,S,280,43527,1028
R,150,450,S,284,43527,1028
R,150,450,S,288,41371,1028
R,150,450,S,292,41371,1028
R,150,450,S,296,30650,1028
R,150,450,S,300,20813,1028
R,150,450,S,304,20813,1028
R,150,450,S,308,16766,1028
R,150,450,S,312,16766,1028
R,150,450,S,316,13035,1028
R,150,450,S,320,13035,1028
R,150,450,S,324,11535,1028
R,150,450,S,328,11535,1028
R,150,450,S,332,8008,1028
R,150,450,S,336,8008,1028
R,150,450,S,340,9112,1028
R,150,450,S,344,9112,1028
R,150,450,S,348,8522,1028
R,150,450,S,352,8522,1028
R,150,450,S,356,7141,1028
R,150,450,S,360,7141,1028
R,150,450,S,364,6115,1028
R,150,450,S,368,6115,1028
R,150,450,S,372,5804,1028
R,150,450,S,376,5804,1028
R,150,450,S,380,5489,1028
R,150,450,S,384,5489,1028
R,150,450,S,388,4281,1028
R,150,450,S,392,4281,1028
R,150,450,S,396,4085,1028
R,150,450,S,400,4085,1028
R,150,450,S,404,3935,1028
R,150,450,S,408,3935,1028
R,150,450,S,412,4589,1028
R,150,450,S,416,4589,1028
R,150,450,S,420,3535,1028
R,150,450,S,424,3535,1028
R,150,450,S,428,6469,1028
R,150,450,S,432,6469,1028
R,150,450,S,436,11628,1028
R,150,450,S,440,11628,1028
R,150,450,S,444,29276,1028
R,150,450,S,448,29276,1028
R,150,450,S,452,22657,1028
R,150,450,S,456,22657,1028
R,150,450,S,460,15152,1028
R,150,450,S,464,13873,1028
R,150,450,S,468,13873,1028
R,150,450,T,4,11758,1028
R,150,450,T,8,11758,1028
R,150,450,T,12,8215,1028
R,150,450,T,16,8215,1028
R,150,450,T,20,6938,1028
R,150,450,T,24,6938,1028
R,150,450,T,28,6640,1028
R,150,450,T,32,6640,1028
R,150,450,T,36,6780,1028
R,150,450,T,40,6780,1028
R,150,450,T,44,4716,1028
R,150,450,T,48,4716,1028
R,150,450,T,52,3582,1028
R,150,450,T,56,3582,1028
R,150,450,T,60,2605,1028
R,150,450,T,64,2605,1028
R,150,450,T,68,2761,1028
R,150,450,T,72,2761,1028
R,150,450,T,76,3085,1028
R,150,450,T,80,2225,1028
R,150,450,T,84,2225,1028
R,150,450,T,88,2143,1028
R,150,450,T,92,2143,1028
R,150,450,T,96,2275,1028
R,150,450,T,100,2275,1028
R,150,450,T,104,2561,1028
R,150,450,T,108,2561,1028
R,150,450,T,112,2024,1028
R,150,450,T,116,2024,1028
R,150,450,T,120,2173,1028
R,150,450,T,124,2173,1028
R,150,450,T,128,1771,1028
R,150,450,T,132,1771,1028
R,150,450,T,136,2229,1028
R,150,450,T,140,2229,1028
R,150,450,T,144,1918,1028
R,150,450,T,148,1918,1028
R,150,450,T,152,1559,1028
R,150,450,T,156,1559,1028
R,150,450,T,160,1496,1028
R,150,450,T,164,1496,1028
R,150,450,T,168,1821,1028
R,150,450,T,172,1821,1028
R,150,450,T,176,1341,1028
R,150,450,T,180,1341,1028
R,150,450,T,184,1432,1028
R,150,450,T,188,1432,1028
R,150,450,T,192,1312,1028
R,150,450,T,196,1312,1028
R,150,450,T,200,1223,1028
R,150,450,T,204,1223,1028
R,150,450,T,208,1059,1028
R,150,450,T,212,1059,1028
R,150,450,T,216,1055,1028
R,150,450,T,220,1055,1028
R,150,450,T,224,999,1028
R,150,450,T,228,999,1028
R,150,450,T,232,1077,1028
R,150,450,T,236,1077,1028
R,150,450,T,240,1203,1028
R,150,450,T,244,1203,1028
R,150,450,T,248,1347,1028
R,150,450,T,252,1297,1028
R,150,450,T,256,1297,1028
R,150,450,T,260,1349,1028
R,150,450,T,264,1349,1028
R,150,450,T,268,1448,1028
R,150,450,T,272,1448,1028
R,150,450,T,277,1323,1028
R,150,450,T,281,1323,1028
R,150,450,T,285,1392,1028
R,150,450,T,289,1392,1028
R,150,450,T,293,1025,1028
R,150,450,T,297,1025,1028
R,150,450,T,301,1041,1028
R,150,450,T,305,1041,1028
R,150,450,T,309,1221,1028
R,150,450,T,313,1221,1028
R,150,450,T,317,1272,1028
R,150,450,T,321,1272,1028
R,150,450,T,325,1203,1028
R,150,450,T,329,1203,1028
R,150,450,T,333,1149,1028
R,150,450,T,337,1149,1028
R,150,450,T,341,1055,1028
R,150,450,T,345,1055,1028
R,150,450,T,349,1177,1028
R,150,450,T,353,1177,1028
R,150,450,T,357,1417,1028
R,150,450,T,361,1417,1028
R,150,450,T,365,1347,1028
R,150,450,T,369,1347,1028
R,150,450,T,373,1181,1028
R,150,450,T,377,1147,1028
R,150,450,T,381,1147,1028
R,150,450,T,385,1311,1028
R,150,450,T,389,1311,1028
R,150,450,T,393,1078,1028
R,150,450,T,397,1078,1028
R,150,450,T,402,1104,1028
R,150,450,T,406,1104,1028
R,150,450,T,410,1142,1028
R,150,450,T,414,1142,1028
R,150,450,T,418,959,1028
R,150,450,T,422,959,1028
R,150,450,T,426,877,1028
R,150,450,T,430,877,1028
R,150,450,T,434,981,1028
R,150,450,T,438,981,1028
R,150,450,T,442,1186,1028
R,150,450,T,446,1186,1028
R,150,450,T,450,1081,1028
R,150,450,T,454,1081,1028
R,150,450,T,458,1144,1028
R,150,450,T,462,1144,1028
R,150,450,T,466,1142,1028
R,150,450,T,470,1142,1028
R,150,450,T,474,1196,1028
R,150,450,T,478,1196,1028
R,150,450,T,482,1488,1028
R,150,450,T,486,1488,1028
R,150,450,T,490,1230,1028
R,150,450,T,494,1230,1028
R,150,450,T,498,1056,1028
R,150,450,T,502,959,1028
R,150,450,T,506,959,1028
R,150,450,T,510,1091,1028
R,150,450,T,514,1091,1028
R,150,450,T,518,1443,1028
R,150,450,T,522,1443,1028
R,150,450,T,527,1764,1028
R,150,450,T,531,1764,1028
R,150,450,T,535,1531,1028
R,150,450,T,539,1531,1028
R,150,450,T,543,1501,1028
R,150,450,T,547,1501,1028
R,150,450,T,551,1134,1028
R,150,450,T,555,1134,1028
R,150,450,T,559,1026,1028
R,150,450,T,563,1026,1028
R,150,450,T,567,1250,1028
R,150,450,T,571,1250,1028
R,150,450,T,575,1042,1028
R,150,450,T,579,1042,1028
R,150,450,T,583,875,1028
R,150,450,T,587,875,1028
R,150,450,T,591,1011,1028
R,150,450,T,595,1011,1028
R,150,450,T,599,1435,1028
    pwr=450 energy=567346
R,150,550,S,4,1159,1066
R,150,550,S,8,1154,1066
R,150,550,S,12,1154,1066
R,150,550,S,16,3846,1066
R,150,550,S,20,3846,1066
R,150,550,S,24,7389,1066
R,150,550,S,28,7389,1066
R,150,550,S,32,6271,1066
R,150,550,S,36,6271,1066
R,150,550,S,40,5609,1066
R,150,550,S,44,5609,1066
R,150,550,S,48,4887,1066
R,150,550,S,52,4887,1066
R,150,550,S,56,3448,1066
R,150,550,S,60,3448,1066
R,150,550,S,64,2864,1066
R,150,550,S,68,2864,1066
R,150,550,S,72,2533,1066
R,150,550,S,76,2533,1066
R,150,550,S,80,2039,1066
R,150,550,S,84,1662,1066
R,150,550,S,88,1662,1066
R,150,550,S,92,2246,1066
R,150,550,S,96,2246,1066
R,150,550,S,100,3176,1066
R,150,550,S,104,3176,1066
R,150,550,S,108,3286,1066
R,150,550,S,112,3286,1066
R,150,550,S,117,3001,1066
R,150,550,S,121,3001,1066
R,150,550,S,125,2871,1066
R,150,550,S,129,2871,1066
R,150,550,S,133,3140,1066
R,150,550,S,137,3140,1066
R,150,550,S,141,2384,1066
R,150,550,S,145,2384,1066
R,150,550,S,149,2720,1066
R,150,550,S,153,2720,1066
R,150,550,S,157,3068,1066
R,150,550,S,161,3068,1066
R,150,550,S,165,850432,1066
R,150,550,S,169,850432,1066
R,150,550,S,173,624259,1066
R,150,550,S,177,624259,1066
R,150,550,S,181,434696,1066
R,150,550,S,185,434696,1066
R,150,550,S,189,296743,1066
R,150,550,S,193,296743,1066
R,150,550,S,197,202485,1066
R,150,550,S,201,202485,1066
R,150,550,S,205,210117,1066
R,150,550,S,209,198643,1066
R,150,550,S,213,198643,1066
R,150,550,S,217,271180,1066
R,150,550,S,221,271180,1066
R,150,550,S,225,177178,1066
R,150,550,S,229,177178,1066
R,150,550,S,233,106004,1066
R,150,550,S,237,106004,1066
R,150,550,S,242,67222,1066
R,150,550,S,246,67222,1066
R,150,550,S,250,51412,1066
R,150,550,S,254,51412,1066
R,150,550,S,258,36348,1066
R,150,550,S,262,36348,1066
R,150,550,S,266,29361,1066
R,150,550,S,270,29361,1066
R,150,550,S,274,22917,1066
R,150,550,S,278,22917,1066
R,150,550,S,282,15182,1066
R,150,550,S,286,15182,1066
R,150,550,S,290,13236,1066
R,150,550,S,294,13236,1066
R,150,550,S,298,10387,1066
R,150,550,S,302,10387,1066
R,150,550,S,306,7786,1066
R,150,550,S,310,7786,1066
R,150,550,S,314,7191,1066
R,150,550,S,318,7191,1066
R,150,550,S,322,7731,1066
R,150,550,S,326,7731,1066
R,150,550,S,330,5947,1066
R,150,550,S,334,5107,1066
R,150,550,S,338,5107,1066
R,150,550,S,342,5258,1066
R,150,550,S,346,5258,1066
R,150,550,S,350,4572,1066
R,150,550,S,354,4572,1066
R,150,550,S,358,7365,1066
R,150,550,S,362,7365,1066
R,150,550,S,367,5481,1066
R,150,550,S,371,5481,1066
R,150,550,S,375,4436,1066
R,150,550,S,379,4436,1066
R,150,550,S,383,3750,1066
R,150,550,S,387,3750,1066
R,150,550,S,391,4791,1066
R,150,550,S,395,4791,1066
R,150,550,S,399,3918,1066
R,150,550,S,403,3918,1066
R,150,550,S,407,5119,1066
R,150,550,S,411,5119,1066
R,150,550,S,415,4293,1066
R,150,550,S,419,4293,1066
R,150,550,S,423,4106,1066
R,150,550,S,427,4106,1066
R,150,550,S,431,3178,1066
R,150,550,S,435,3178,1066
R,150,550,S,439,3382,1066
R,150,550,S,443,3382,1066
R,150,550,S,447,2922,1066
R,150,550,S,451,2922,1066
R,150,550,S,455,2370,1066
R,150,550,S,459,2380,1066
R,150,550,S,463,2380,1066
R,150,550,S,467,2118,1066
R,150,550,T,4,2118,1066
R,150,550,T,8,2764,1066
R,150,550,T,12,2764,1066
R,150,550,T,16,2081,1066
R,150,550,T,20,2081,1066
R,150,550,T,24,4038,1066
R,150,550,T,28,4038,1066
R,150,550,T,32,4031,1066
R,150,550,T,36,5934,1066
R,150,550,T,40,5934,1066
R,150,550,T,44,5781,1066
R,150,550,T,48,5781,1066
R,150,550,T,52,6034,1066
R,150,550,T,56,6034,1066
R,150,550,T,60,4368,1066
R,150,550,T,64,4368,1066
R,150,550,T,68,2984,1066
R,150,550,T,72,2984,1066
R,150,550,T,76,4316,1066
R,150,550,T,80,4316,1066
R,150,550,T,84,4386,1066
R,150,550,T,88,4386,1066
R,150,550,T,92,4694,1066
R,150,550,T,96,4694,1066
R,150,550,T,100,5361,1066
R,150,550,T,104,5361,1066
R,150,550,T,108,4164,1066
R,150,550,T,112,4164,1066
R,150,550,T,116,4495,1066
R,150,550,T,120,4495,1066
R,150,550,T,124,4071,1066
R,150,550,T,128,4071,1066
R,150,550,T,132,4073,1066
R,150,550,T,136,4073,1066
R,150,550,T,140,3581,1066
R,150,550,T,144,3581,1066
R,150,550,T,148,3403,1066
R,150,550,T,152,3403,1066
R,150,550,T,156,3248,1066
R,150,550,T,160,3248,1066
R,150,550,T,164,2272,1066
R,150,550,T,168,2272,1066
R,150,550,T,172,2156,1066
R,150,550,T,176,2156,1066
R,150,550,T,180,2105,1066
R,150,550,T,184,2105,1066
R,150,550,T,188,1819,1066
R,150,550,T,192,1819,1066
R,150,550,T,196,1539,1066
R,150,550,T,200,1187,1066
R,150,550,T,204,1187,1066
R,150,550,T,208,1077,1066
R,150,550,T,212,1077,1066
R,150,550,T,216,1087,1066
R,150,550,T,220,1087,1066
R,150,550,T,224,1161,1066
R,150,550,T,228,1161,1066
R,150,550,T,232,1074,1066
R,150,550,T,236,1074,1066
R,150,550,T,240,1126,1066
R,150,550,T,244,1126,1066
R,150,550,T,248,1092,1066
R,150,550,T,252,1092,1066
R,150,550,T,256,975,1066
R,150,550,T,260,975,1066
R,150,550,T,264,980,1066
R,150,550,T,268,980,1066
R,150,550,T,272,1305,1066
R,150,550,T,276,1305,1066
R,150,550,T,280,1188,1066
R,150,550,T,284,1188,1066
R,150,550,T,288,1087,1066
R,150,550,T,292,1087,1066
R,150,550,T,296,986,1066
R,150,550,T,300,986,1066
R,150,550,T,304,979,1066
R,150,550,T,308,979,1066
R,150,550,T,312,1058,1066
R,150,550,T,316,1058,1066
R,150,550,T,320,885,1066
R,150,550,T,324,885,1066
R,150,550,T,328,1277,1066
R,150,550,T,332,1277,1066
R,150,550,T,336,1071,1066
R,150,550,T,340,1071,1066
R,150,550,T,344,1734,1066
R,150,550,T,348,1734,1066
R,150,550,T,352,1472,1066
R,150,550,T,356,1472,1066
R,150,550,T,360,1073,1066
R,150,550,T,364,1073,1066
R,150,550,T,368,940,1066
R,150,550,T,372,941,1066
R,150,550,T,376,941,1066
R,150,550,T,380,916,1066
R,150,550,T,384,916,1066
R,150,550,T,388,1054,1066
R,150,550,T,392,1054,1066
R,150,550,T,397,1067,1066
R,150,550,T,401,1067,1066
R,150,550,T,405,1144,1066
R,150,550,T,409,1144,1066
R,150,550,T,413,1068,1066
R,150,550,T,417,1068,1066
R,150,550,T,421,983,1066
R,150,550,T,425,983,1066
R,150,550,T,429,1104,1066
R,150,550,T,433,1104,1066
R,150,550,T,437,1017,1066
R,150,550,T,441,1017,1066
R,150,550,T,445,1084,1066
R,150,550,T,449,1084,1066
R,150,550,T,453,1009,1066
R,150,550,T,457,1009,1066
R,150,550,T,461,932,1066
R,150,550,T,465,932,1066
R,150,550,T,469,992,1066
R,150,550,T,473,992,1066
R,150,550,T,477,1080,1066
R,150,550,T,481,1080,1066
R,150,550,T,485,1398,1066
R,150,550,T,489,1398,1066
R,150,550,T,493,1142,1066
R,150,550,T,497,1132,1066
R,150,550,T,501,1132,1066
R,150,550,T,505,1112,1066
R,150,550,T,509,1112,1066
R,150,550,T,513,1034,1066
R,150,550,T,517,1034,1066
R,150,550,T,522,1153,1066
R,150,550,T,526,1153,1066
R,150,550,T,530,911,1066
R,150,550,T,534,911,1066
R,150,550,T,538,1226,1066
R,150,550,T,542,1226,1066
R,150,550,T,546,1186,1066
R,150,550,T,550,1186,1066
R,150,550,T,554,1288,1066
R,150,550,T,558,1288,1066
R,150,550,T,562,1163,1066
R,150,550,T,566,1163,1066
R,150,550,T,570,1072,1066
R,150,550,T,574,1072,1066
R,150,550,T,578,925,1066
R,150,550,T,582,925,1066
R,150,550,T,586,1041,1066
R,150,550,T,590,1041,1066
R,150,550,T,594,962,1066
R,150,550,T,598,962,1066
    pwr=550 energy=571537
  best: strike=150% pwr=450
Saved calibration, writeCount=58, status=ok
Mallet status:
  #0 pitch=57 lagSoft=192 lagHard=159 pwrSoft=880 pwrHard=1023 impactSoft=246976 impactHard=523253 strike=150% rebPwr=255 valid=yes
  #1 pitch=52 lagSoft=186 lagHard=135 pwrSoft=760 pwrHard=1023 impactSoft=200290 impactHard=617784 strike=0% rebPwr=0 valid=yes
  #2 pitch=62 lagSoft=175 lagHard=150 pwrSoft=880 pwrHard=1023 impactSoft=875702 impactHard=1310451 strike=0% rebPwr=0 valid=yes
  #3 pitch=55 lagSoft=182 lagHard=128 pwrSoft=760 pwrHard=1023 impactSoft=277835 impactHard=1013264 strike=0% rebPwr=0 valid=yes
  #4 pitch=60 lagSoft=159 lagHard=135 pwrSoft=880 pwrHard=1023 impactSoft=507457 impactHard=866904 strike=0% rebPwr=0 valid=yes
  #5 pitch=67 lagSoft=137 lagHard=112 pwrSoft=900 pwrHard=1023 impactSoft=497651 impactHard=2068422 strike=0% rebPwr=0 valid=yes
  #6 pitch=72 lagSoft=127 lagHard=63 pwrSoft=640 pwrHard=1023 impactSoft=712390 impactHard=1735134 strike=0% rebPwr=0 valid=yes
  #7 pitch=69 lagSoft=99 lagHard=90 pwrSoft=880 pwrHard=1023 impactSoft=897040 impactHard=1770027 strike=0% rebPwr=0 valid=yes
  #8 pitch=65 lagSoft=130 lagHard=111 pwrSoft=880 pwrHard=1023 impactSoft=1671083 impactHard=3491365 strike=0% rebPwr=0 valid=yes
  #9 pitch=64 lagSoft=138 lagHard=113 pwrSoft=880 pwrHard=1023 impactSoft=907767 impactHard=2932126 strike=0% rebPwr=0 valid=yes
Rebound calibration complete for mallet #0
